MO clock_divider NULL clock_divider.v vlg1E/clock__divider.bin 1446840504
MO fclock_divider NULL fast_clock_divider.v vlg7C/fclock__divider.bin 1446840504
MO dice NULL dice.v vlg69/dice.bin 1446840504
MO craps NULL craps.v vlg79/craps.bin 1446840504
MO sclock_divider NULL slow_clock_divider.v vlg0D/sclock__divider.bin 1446840504
