Archive member included because of file (symbol)

c:/program files (x86)/microchip/xc32/v1.34/bin/bin/../../lib/gcc/pic32mx/4.5.2/../../../../pic32mx/lib\libmchp_peripheral_32MX795F512L.a(pcache.o)
                              build/default/production/_ext/1472/TicTacToe.o (CheKseg0CacheOn)
c:/program files (x86)/microchip/xc32/v1.34/bin/bin/../../lib/gcc/pic32mx/4.5.2/../../../../pic32mx/lib\libmchp_peripheral_32MX795F512L.a(int_disable_interrupts_lib.o)
                              build/default/production/_ext/1472/TicTacToe.o (INTDisableInterrupts)
c:/program files (x86)/microchip/xc32/v1.34/bin/bin/../../lib/gcc/pic32mx/4.5.2/../../../../pic32mx/lib\libmchp_peripheral_32MX795F512L.a(int_restore_interrupts_lib.o)
                              build/default/production/_ext/1472/TicTacToe.o (INTRestoreInterrupts)
c:/program files (x86)/microchip/xc32/v1.34/bin/bin/../../lib/gcc/pic32mx/4.5.2/../../../../pic32mx/lib\libmchp_peripheral_32MX795F512L.a(int_enable_mv_int_lib.o)
                              build/default/production/_ext/1472/TicTacToe.o (INTEnableSystemMultiVectoredInt)
c:/program files (x86)/microchip/xc32/v1.34/bin/bin/../../lib/gcc/pic32mx/4.5.2/../../../../pic32mx/lib\libmchp_peripheral_32MX795F512L.a(int_enable_interrupts_lib.o)
                              c:/program files (x86)/microchip/xc32/v1.34/bin/bin/../../lib/gcc/pic32mx/4.5.2/../../../../pic32mx/lib\libmchp_peripheral_32MX795F512L.a(int_enable_mv_int_lib.o) (INTEnableInterrupts)
c:/program files (x86)/microchip/xc32/v1.34/bin/bin/../../lib/gcc/pic32mx/4.5.2/../../../../pic32mx/lib\libpic32.a(memcpy.o)
                              build/default/production/_ext/1687970324/SST25VF016.o (memcpy)
c:/program files (x86)/microchip/xc32/v1.34/bin/bin/../../lib/gcc/pic32mx/4.5.2/../../../../pic32mx/lib\libpic32.a(memset.o)
                              build/default/production/_ext/803622919/Grid.o (memset)
c:/program files (x86)/microchip/xc32/v1.34/bin/bin/../../lib/gcc/pic32mx/4.5.2/../../../../pic32mx/lib\libpic32.a(default-bootstrap-exception-handler.o)
                              c:/program files (x86)/microchip/xc32/v1.34/bin/bin/../../lib/gcc/pic32mx/4.5.2/../../../../pic32mx/lib/./proc/32MX795F512L/crt0_mips32r2.o (_bootstrap_exception_handler)
c:/program files (x86)/microchip/xc32/v1.34/bin/bin/../../lib/gcc/pic32mx/4.5.2/../../../../pic32mx/lib\libpic32.a(default-on-reset.o)
                              c:/program files (x86)/microchip/xc32/v1.34/bin/bin/../../lib/gcc/pic32mx/4.5.2/../../../../pic32mx/lib/./proc/32MX795F512L/crt0_mips32r2.o (_on_reset)
c:/program files (x86)/microchip/xc32/v1.34/bin/bin/../../lib/gcc/pic32mx/4.5.2/../../../../pic32mx/lib\libpic32.a(default-on-bootstrap.o)
                              c:/program files (x86)/microchip/xc32/v1.34/bin/bin/../../lib/gcc/pic32mx/4.5.2/../../../../pic32mx/lib/./proc/32MX795F512L/crt0_mips32r2.o (_on_bootstrap)
c:/program files (x86)/microchip/xc32/v1.34/bin/bin/../../lib/gcc/pic32mx/4.5.2/../../../../pic32mx/lib\libpic32.a(default-nmi-handler.o)
                              c:/program files (x86)/microchip/xc32/v1.34/bin/bin/../../lib/gcc/pic32mx/4.5.2/../../../../pic32mx/lib/./proc/32MX795F512L/crt0_mips32r2.o (_nmi_handler)
c:/program files (x86)/microchip/xc32/v1.34/bin/bin/../../lib/gcc/pic32mx/4.5.2/../../../../pic32mx/lib\libpic32.a(general-exception.o)
                              c:/program files (x86)/microchip/xc32/v1.34/bin/bin/../../lib/gcc/pic32mx/4.5.2/../../../../pic32mx/lib/./proc/32MX795F512L/crt0_mips32r2.o (_general_exception_context)
c:/program files (x86)/microchip/xc32/v1.34/bin/bin/../../lib/gcc/pic32mx/4.5.2/../../../../pic32mx/lib\libpic32.a(vector0.o)
                              c:/program files (x86)/microchip/xc32/v1.34/bin/bin/../../lib/gcc/pic32mx/4.5.2/../../../../pic32mx/lib/./proc/32MX795F512L\default_isr_vectors.o (__vector_dispatch_0)
c:/program files (x86)/microchip/xc32/v1.34/bin/bin/../../lib/gcc/pic32mx/4.5.2/../../../../pic32mx/lib\libpic32.a(vector1.o)
                              c:/program files (x86)/microchip/xc32/v1.34/bin/bin/../../lib/gcc/pic32mx/4.5.2/../../../../pic32mx/lib/./proc/32MX795F512L\default_isr_vectors.o (__vector_dispatch_1)
c:/program files (x86)/microchip/xc32/v1.34/bin/bin/../../lib/gcc/pic32mx/4.5.2/../../../../pic32mx/lib\libpic32.a(vector2.o)
                              c:/program files (x86)/microchip/xc32/v1.34/bin/bin/../../lib/gcc/pic32mx/4.5.2/../../../../pic32mx/lib/./proc/32MX795F512L\default_isr_vectors.o (__vector_dispatch_2)
c:/program files (x86)/microchip/xc32/v1.34/bin/bin/../../lib/gcc/pic32mx/4.5.2/../../../../pic32mx/lib\libpic32.a(vector3.o)
                              c:/program files (x86)/microchip/xc32/v1.34/bin/bin/../../lib/gcc/pic32mx/4.5.2/../../../../pic32mx/lib/./proc/32MX795F512L\default_isr_vectors.o (__vector_dispatch_3)
[...]
Memory Configuration

Name             Origin             Length             Attributes
kseg0_program_mem 0x9d000000         0x00080000         xr
kseg0_boot_mem   0x9fc00490         0x00000970
exception_mem    0x9fc01000         0x00001000
kseg1_boot_mem   0xbfc00000         0x00000490
debug_exec_mem   0xbfc02000         0x00000ff0
config3          0xbfc02ff0         0x00000004
config2          0xbfc02ff4         0x00000004
config1          0xbfc02ff8         0x00000004
config0          0xbfc02ffc         0x00000004
kseg1_data_mem   0xa0000000         0x00020000         w !x
sfrs             0xbf800000         0x00100000
configsfrs       0xbfc02ff0         0x00000010
*default*        0x00000000         0xffffffff

Linker script and memory map

LOAD c:/program files (x86)/microchip/xc32/v1.34/bin/bin/../../lib/gcc/pic32mx/4.5.2/../../../../pic32mx/lib/./proc/32MX795F512L/crt0_mips32r2.o
LOAD c:/program files (x86)/microchip/xc32/v1.34/bin/bin/../../lib/gcc/pic32mx/4.5.2/../../../../pic32mx/lib\debug-exception-return.o
LOAD build/default/production/_ext/1687970324/SST25VF016.o
LOAD build/default/production/_ext/1687970324/TouchScreen.o
LOAD build/default/production/_ext/1687970324/drv_spi.o
LOAD build/default/production/_ext/1687970324/TouchScreenResistive.o
LOAD build/default/production/_ext/1860783399/TimeDelay.o
LOAD build/default/production/_ext/1919882987/SSD1926.o
LOAD build/default/production/_ext/1919882987/TCON_SSD1289.o
LOAD build/default/production/_ext/1919882987/mchpGfxLCC.o
LOAD build/default/production/_ext/803622919/StaticText.o
LOAD build/default/production/_ext/803622919/Window.o
LOAD build/default/production/_ext/803622919/Button.o
LOAD build/default/production/_ext/803622919/Chart.o
LOAD build/default/production/_ext/803622919/CheckBox.o
LOAD build/default/production/_ext/803622919/EditBox.o
LOAD build/default/production/_ext/803622919/GOL.o
LOAD build/default/production/_ext/803622919/GOLFontDefault.o
LOAD build/default/production/_ext/803622919/Grid.o
LOAD build/default/production/_ext/803622919/GroupBox.o
LOAD build/default/production/_ext/803622919/ListBox.o
LOAD build/default/production/_ext/803622919/Meter.o
LOAD build/default/production/_ext/803622919/Picture.o
LOAD build/default/production/_ext/803622919/RadioButton.o
LOAD build/default/production/_ext/803622919/Slider.o
LOAD build/default/production/_ext/803622919/Primitive.o
LOAD build/default/production/_ext/803622919/GOLSchemeDefault.o
LOAD build/default/production/_ext/1472/TicTacToe.o
LOAD build/default/production/_ext/1472/TTT_Images.o
                0x00000001                __MPLAB_BUILD = 0x1
                0x00000bb8                _min_heap_size = 0xbb8
                0x00000a28                _min_stack_size = 0xa28
LOAD c:/program files (x86)/microchip/xc32/v1.34/bin/bin/../../lib/gcc/pic32mx/4.5.2/../../../../pic32mx/lib/./proc/32MX795F512L\default_isr_vectors.o
LOAD c:/program files (x86)/microchip/xc32/v1.34/bin/bin/../../lib/gcc/pic32mx/4.5.2/../../../../pic32mx/lib\pic32_software_reset.o
                0x00000400                PROVIDE (_min_stack_size, 0x400)
LOAD c:/program files (x86)/microchip/xc32/v1.34/bin/bin/../../lib/gcc/pic32mx/4.5.2/../../../../pic32mx/lib/./proc/32MX795F512L\processor.o
START GROUP
LOAD c:/program files (x86)/microchip/xc32/v1.34/bin/bin/../../lib/gcc/pic32mx/4.5.2/../../../../pic32mx/lib\libmchp_peripheral.a
END GROUP
START GROUP
LOAD c:/program files (x86)/microchip/xc32/v1.34/bin/bin/../../lib/gcc/pic32mx/4.5.2/../../../../pic32mx/lib\libmchp_peripheral_32MX795F512L.a
END GROUP
                0x00000001                PROVIDE (_vector_spacing, 0x1)
                0x9fc01000                _ebase_address = 0x9fc01000
                0xbfc00000                _RESET_ADDR = 0xbfc00000
                0xbfc00380                _BEV_EXCPT_ADDR = 0xbfc00380
                0xbfc00480                _DBG_EXCPT_ADDR = 0xbfc00480
                0xbfc02000                _DBG_CODE_ADDR = 0xbfc02000
                0x00000ff0                _DBG_CODE_SIZE = 0xff0
                0x9fc01180                _GEN_EXCPT_ADDR = (_ebase_address + 0x180)

.config_BFC02FF0
 *(.config_BFC02FF0)

.config_BFC02FF4
                0xbfc02ff4        0x4
 *(.config_BFC02FF4)
 .config_BFC02FF4
                0xbfc02ff4        0x4 build/default/production/_ext/1472/TicTacToe.o

.config_BFC02FF8
                0xbfc02ff8        0x4
 *(.config_BFC02FF8)
 .config_BFC02FF8
                0xbfc02ff8        0x4 build/default/production/_ext/1472/TicTacToe.o

.config_BFC02FFC
                0xbfc02ffc        0x4
 *(.config_BFC02FFC)
 .config_BFC02FFC
                0xbfc02ffc        0x4 build/default/production/_ext/1472/TicTacToe.o
                0xbfc02000                PROVIDE (_DBG_CODE_ADDR, 0xbfc02000)
                0x00000ff0                PROVIDE (_DBG_CODE_SIZE, 0xff0)

.reset          0xbfc00000      0x1f0
 *(.reset)
 .reset         0xbfc00000        0x8 c:/program files (x86)/microchip/xc32/v1.34/bin/bin/../../lib/gcc/pic32mx/4.5.2/../../../../pic32mx/lib/./proc/32MX795F512L/crt0_mips32r2.o
                0xbfc00000                _reset
 *(.reset.startup)
 .reset.startup
                0xbfc00008      0x1e8 c:/program files (x86)/microchip/xc32/v1.34/bin/bin/../../lib/gcc/pic32mx/4.5.2/../../../../pic32mx/lib/./proc/32MX795F512L/crt0_mips32r2.o

.bev_excpt      0xbfc00380       0x10
 *(.bev_handler)
 .bev_handler   0xbfc00380       0x10 c:/program files (x86)/microchip/xc32/v1.34/bin/bin/../../lib/gcc/pic32mx/4.5.2/../../../../pic32mx/lib/./proc/32MX795F512L/crt0_mips32r2.o

.dbg_excpt      0xbfc00480        0x0
                0xbfc00480                . = (. + DEFINED (_DEBUGGER)?0x8:0x0)

.dbg_code       0xbfc02000        0x0
                0xbfc02000                . = (. + DEFINED (_DEBUGGER)?_DBG_CODE_SIZE:0x0)

.app_excpt      0x9fc01180       0x10
 *(.gen_handler)
 .gen_handler   0x9fc01180       0x10 c:/program files (x86)/microchip/xc32/v1.34/bin/bin/../../lib/gcc/pic32mx/4.5.2/../../../../pic32mx/lib/./proc/32MX795F512L/crt0_mips32r2.o

.vector_0       0x9fc01200        0x8
 *(.vector_0)
 .vector_0      0x9fc01200        0x8 c:/program files (x86)/microchip/xc32/v1.34/bin/bin/../../lib/gcc/pic32mx/4.5.2/../../../../pic32mx/lib\libpic32.a(vector0.o)
                0x9fc01200                __vector_dispatch_0
                0x00000001                ASSERT (((_vector_spacing == 0x0) || (SIZEOF (.vector_0) <= (_vector_spacing << 0x5))), function at exception vector 0 too large)

.vector_1       0x9fc01220        0x8
 *(.vector_1)
 .vector_1      0x9fc01220        0x8 c:/program files (x86)/microchip/xc32/v1.34/bin/bin/../../lib/gcc/pic32mx/4.5.2/../../../../pic32mx/lib\libpic32.a(vector1.o)
                0x9fc01220                __vector_dispatch_1
                0x00000001                ASSERT (((_vector_spacing == 0x0) || (SIZEOF (.vector_1) <= (_vector_spacing << 0x5))), function at exception vector 1 too large)

.vector_2       0x9fc01240        0x8
 *(.vector_2)
 .vector_2      0x9fc01240        0x8 c:/program files (x86)/microchip/xc32/v1.34/bin/bin/../../lib/gcc/pic32mx/4.5.2/../../../../pic32mx/lib\libpic32.a(vector2.o)
                0x9fc01240                __vector_dispatch_2
                0x00000001                ASSERT (((_vector_spacing == 0x0) || (SIZEOF (.vector_2) <= (_vector_spacing << 0x5))), function at exception vector 2 too large)

.vector_3       0x9fc01260        0x8
 *(.vector_3)
 .vector_3      0x9fc01260        0x8 c:/program files (x86)/microchip/xc32/v1.34/bin/bin/../../lib/gcc/pic32mx/4.5.2/../../../../pic32mx/lib\libpic32.a(vector3.o)
                0x9fc01260                __vector_dispatch_3
                0x00000001                ASSERT (((_vector_spacing == 0x0) || (SIZEOF (.vector_3) <= (_vector_spacing << 0x5))), function at exception vector 3 too large)

.vector_4       0x9fc01280        0x8
 *(.vector_4)
 .vector_4      0x9fc01280        0x8 c:/program files (x86)/microchip/xc32/v1.34/bin/bin/../../lib/gcc/pic32mx/4.5.2/../../../../pic32mx/lib\libpic32.a(vector4.o)
                0x9fc01280                __vector_dispatch_4
                0x00000001                ASSERT (((_vector_spacing == 0x0) || (SIZEOF (.vector_4) <= (_vector_spacing << 0x5))), function at exception vector 4 too large)

.vector_5       0x9fc012a0        0x8
 *(.vector_5)
 .vector_5      0x9fc012a0        0x8 c:/program files (x86)/microchip/xc32/v1.34/bin/bin/../../lib/gcc/pic32mx/4.5.2/../../../../pic32mx/lib\libpic32.a(vector5.o)
                0x9fc012a0                __vector_dispatch_5
                0x00000001                ASSERT (((_vector_spacing == 0x0) || (SIZEOF (.vector_5) <= (_vector_spacing << 0x5))), function at exception vector 5 too large)

.vector_6       0x9fc012c0        0x8
 *(.vector_6)
 .vector_6      0x9fc012c0        0x8 c:/program files (x86)/microchip/xc32/v1.34/bin/bin/../../lib/gcc/pic32mx/4.5.2/../../../../pic32mx/lib\libpic32.a(vector6.o)
                0x9fc012c0                __vector_dispatch_6
                0x00000001                ASSERT (((_vector_spacing == 0x0) || (SIZEOF (.vector_6) <= (_vector_spacing << 0x5))), function at exception vector 6 too large)

.vector_7       0x9fc012e0        0x8
 *(.vector_7)
 .vector_7      0x9fc012e0        0x8 c:/program files (x86)/microchip/xc32/v1.34/bin/bin/../../lib/gcc/pic32mx/4.5.2/../../../../pic32mx/lib\libpic32.a(vector7.o)
                0x9fc012e0                __vector_dispatch_7
                0x00000001                ASSERT (((_vector_spacing == 0x0) || (SIZEOF (.vector_7) <= (_vector_spacing << 0x5))), function at exception vector 7 too large)

.vector_8       0x9fc01300        0x8
 *(.vector_8)
 .vector_8      0x9fc01300        0x8 c:/program files (x86)/microchip/xc32/v1.34/bin/bin/../../lib/gcc/pic32mx/4.5.2/../../../../pic32mx/lib\libpic32.a(vector8.o)
                0x9fc01300                __vector_dispatch_8
                0x00000001                ASSERT (((_vector_spacing == 0x0) || (SIZEOF (.vector_8) <= (_vector_spacing << 0x5))), function at exception vector 8 too large)

.vector_9       0x9fc01320        0x8
 *(.vector_9)
 .vector_9      0x9fc01320        0x8 c:/program files (x86)/microchip/xc32/v1.34/bin/bin/../../lib/gcc/pic32mx/4.5.2/../../../../pic32mx/lib\libpic32.a(vector9.o)
                0x9fc01320                __vector_dispatch_9
                0x00000001                ASSERT (((_vector_spacing == 0x0) || (SIZEOF (.vector_9) <= (_vector_spacing << 0x5))), function at exception vector 9 too large)

.vector_10      0x9fc01340        0x8
 *(.vector_10)
 .vector_10     0x9fc01340        0x8 c:/program files (x86)/microchip/xc32/v1.34/bin/bin/../../lib/gcc/pic32mx/4.5.2/../../../../pic32mx/lib\libpic32.a(vector10.o)
                0x9fc01340                __vector_dispatch_10
                0x00000001                ASSERT (((_vector_spacing == 0x0) || (SIZEOF (.vector_10) <= (_vector_spacing << 0x5))), function at exception vector 10 too large)

.vector_11      0x9fc01360        0x8
 *(.vector_11)
 .vector_11     0x9fc01360        0x8 c:/program files (x86)/microchip/xc32/v1.34/bin/bin/../../lib/gcc/pic32mx/4.5.2/../../../../pic32mx/lib\libpic32.a(vector11.o)
                0x9fc01360                __vector_dispatch_11
                0x00000001                ASSERT (((_vector_spacing == 0x0) || (SIZEOF (.vector_11) <= (_vector_spacing << 0x5))), function at exception vector 11 too large)

.vector_12      0x9fc01380        0x8
 *(.vector_12)
 .vector_12     0x9fc01380        0x8 build/default/production/_ext/1472/TicTacToe.o
                0x9fc01380                __vector_dispatch_12
                0x00000001                ASSERT (((_vector_spacing == 0x0) || (SIZEOF (.vector_12) <= (_vector_spacing << 0x5))), function at exception vector 12 too large)

.vector_13      0x9fc013a0        0x8
 *(.vector_13)
 .vector_13     0x9fc013a0        0x8 c:/program files (x86)/microchip/xc32/v1.34/bin/bin/../../lib/gcc/pic32mx/4.5.2/../../../../pic32mx/lib\libpic32.a(vector13.o)
                0x9fc013a0                __vector_dispatch_13
                0x00000001                ASSERT (((_vector_spacing == 0x0) || (SIZEOF (.vector_13) <= (_vector_spacing << 0x5))), function at exception vector 13 too large)

.vector_14      0x9fc013c0        0x8
 *(.vector_14)
 .vector_14     0x9fc013c0        0x8 c:/program files (x86)/microchip/xc32/v1.34/bin/bin/../../lib/gcc/pic32mx/4.5.2/../../../../pic32mx/lib\libpic32.a(vector14.o)
                0x9fc013c0                __vector_dispatch_14
                0x00000001                ASSERT (((_vector_spacing == 0x0) || (SIZEOF (.vector_14) <= (_vector_spacing << 0x5))), function at exception vector 14 too large)

.vector_15      0x9fc013e0        0x8
 *(.vector_15)
 .vector_15     0x9fc013e0        0x8 c:/program files (x86)/microchip/xc32/v1.34/bin/bin/../../lib/gcc/pic32mx/4.5.2/../../../../pic32mx/lib\libpic32.a(vector15.o)
                0x9fc013e0                __vector_dispatch_15
                0x00000001                ASSERT (((_vector_spacing == 0x0) || (SIZEOF (.vector_15) <= (_vector_spacing << 0x5))), function at exception vector 15 too large)

.vector_16      0x9fc01400        0x8
 *(.vector_16)
 .vector_16     0x9fc01400        0x8 c:/program files (x86)/microchip/xc32/v1.34/bin/bin/../../lib/gcc/pic32mx/4.5.2/../../../../pic32mx/lib\libpic32.a(vector16.o)
                0x9fc01400                __vector_dispatch_16
                0x00000001                ASSERT (((_vector_spacing == 0x0) || (SIZEOF (.vector_16) <= (_vector_spacing << 0x5))), function at exception vector 16 too large)

.vector_17      0x9fc01420        0x8
 *(.vector_17)
 .vector_17     0x9fc01420        0x8 c:/program files (x86)/microchip/xc32/v1.34/bin/bin/../../lib/gcc/pic32mx/4.5.2/../../../../pic32mx/lib\libpic32.a(vector17.o)
                0x9fc01420                __vector_dispatch_17
                0x00000001                ASSERT (((_vector_spacing == 0x0) || (SIZEOF (.vector_17) <= (_vector_spacing << 0x5))), function at exception vector 17 too large)

.vector_18      0x9fc01440        0x8
 *(.vector_18)
 .vector_18     0x9fc01440        0x8 c:/program files (x86)/microchip/xc32/v1.34/bin/bin/../../lib/gcc/pic32mx/4.5.2/../../../../pic32mx/lib\libpic32.a(vector18.o)
                0x9fc01440                __vector_dispatch_18
                0x00000001                ASSERT (((_vector_spacing == 0x0) || (SIZEOF (.vector_18) <= (_vector_spacing << 0x5))), function at exception vector 18 too large)

.vector_19      0x9fc01460        0x8
 *(.vector_19)
 .vector_19     0x9fc01460        0x8 c:/program files (x86)/microchip/xc32/v1.34/bin/bin/../../lib/gcc/pic32mx/4.5.2/../../../../pic32mx/lib\libpic32.a(vector19.o)
                0x9fc01460                __vector_dispatch_19
                0x00000001                ASSERT (((_vector_spacing == 0x0) || (SIZEOF (.vector_19) <= (_vector_spacing << 0x5))), function at exception vector 19 too large)

.vector_20      0x9fc01480        0x8
 *(.vector_20)
 .vector_20     0x9fc01480        0x8 c:/program files (x86)/microchip/xc32/v1.34/bin/bin/../../lib/gcc/pic32mx/4.5.2/../../../../pic32mx/lib\libpic32.a(vector20.o)
                0x9fc01480                __vector_dispatch_20
                0x00000001                ASSERT (((_vector_spacing == 0x0) || (SIZEOF (.vector_20) <= (_vector_spacing << 0x5))), function at exception vector 20 too large)

.vector_21      0x9fc014a0        0x8
 *(.vector_21)
 .vector_21     0x9fc014a0        0x8 c:/program files (x86)/microchip/xc32/v1.34/bin/bin/../../lib/gcc/pic32mx/4.5.2/../../../../pic32mx/lib\libpic32.a(vector21.o)
                0x9fc014a0                __vector_dispatch_21
                0x00000001                ASSERT (((_vector_spacing == 0x0) || (SIZEOF (.vector_21) <= (_vector_spacing << 0x5))), function at exception vector 21 too large)

.vector_22      0x9fc014c0        0x8
 *(.vector_22)
 .vector_22     0x9fc014c0        0x8 c:/program files (x86)/microchip/xc32/v1.34/bin/bin/../../lib/gcc/pic32mx/4.5.2/../../../../pic32mx/lib\libpic32.a(vector22.o)
                0x9fc014c0                __vector_dispatch_22
                0x00000001                ASSERT (((_vector_spacing == 0x0) || (SIZEOF (.vector_22) <= (_vector_spacing << 0x5))), function at exception vector 22 too large)

.vector_23      0x9fc014e0        0x8
 *(.vector_23)
 .vector_23     0x9fc014e0        0x8 c:/program files (x86)/microchip/xc32/v1.34/bin/bin/../../lib/gcc/pic32mx/4.5.2/../../../../pic32mx/lib\libpic32.a(vector23.o)
                0x9fc014e0                __vector_dispatch_23
                0x00000001                ASSERT (((_vector_spacing == 0x0) || (SIZEOF (.vector_23) <= (_vector_spacing << 0x5))), function at exception vector 23 too large)

.vector_24      0x9fc01500        0x8
 *(.vector_24)
 .vector_24     0x9fc01500        0x8 c:/program files (x86)/microchip/xc32/v1.34/bin/bin/../../lib/gcc/pic32mx/4.5.2/../../../../pic32mx/lib\libpic32.a(vector24.o)
                0x9fc01500                __vector_dispatch_24
                0x00000001                ASSERT (((_vector_spacing == 0x0) || (SIZEOF (.vector_24) <= (_vector_spacing << 0x5))), function at exception vector 24 too large)

.vector_25      0x9fc01520        0x8
 *(.vector_25)
 .vector_25     0x9fc01520        0x8 c:/program files (x86)/microchip/xc32/v1.34/bin/bin/../../lib/gcc/pic32mx/4.5.2/../../../../pic32mx/lib\libpic32.a(vector25.o)
                0x9fc01520                __vector_dispatch_25
                0x00000001                ASSERT (((_vector_spacing == 0x0) || (SIZEOF (.vector_25) <= (_vector_spacing << 0x5))), function at exception vector 25 too large)

.vector_26      0x9fc01540        0x8
 *(.vector_26)
 .vector_26     0x9fc01540        0x8 c:/program files (x86)/microchip/xc32/v1.34/bin/bin/../../lib/gcc/pic32mx/4.5.2/../../../../pic32mx/lib\libpic32.a(vector26.o)
                0x9fc01540                __vector_dispatch_26
                0x00000001                ASSERT (((_vector_spacing == 0x0) || (SIZEOF (.vector_26) <= (_vector_spacing << 0x5))), function at exception vector 26 too large)

.vector_27      0x9fc01560        0x8
 *(.vector_27)
 .vector_27     0x9fc01560        0x8 c:/program files (x86)/microchip/xc32/v1.34/bin/bin/../../lib/gcc/pic32mx/4.5.2/../../../../pic32mx/lib\libpic32.a(vector27.o)
                0x9fc01560                __vector_dispatch_27
                0x00000001                ASSERT (((_vector_spacing == 0x0) || (SIZEOF (.vector_27) <= (_vector_spacing << 0x5))), function at exception vector 27 too large)

.vector_28      0x9fc01580        0x8
 *(.vector_28)
 .vector_28     0x9fc01580        0x8 c:/program files (x86)/microchip/xc32/v1.34/bin/bin/../../lib/gcc/pic32mx/4.5.2/../../../../pic32mx/lib\libpic32.a(vector28.o)
                0x9fc01580                __vector_dispatch_28
                0x00000001                ASSERT (((_vector_spacing == 0x0) || (SIZEOF (.vector_28) <= (_vector_spacing << 0x5))), function at exception vector 28 too large)

.vector_29      0x9fc015a0        0x8
 *(.vector_29)
 .vector_29     0x9fc015a0        0x8 c:/program files (x86)/microchip/xc32/v1.34/bin/bin/../../lib/gcc/pic32mx/4.5.2/../../../../pic32mx/lib\libpic32.a(vector29.o)
                0x9fc015a0                __vector_dispatch_29
                0x00000001                ASSERT (((_vector_spacing == 0x0) || (SIZEOF (.vector_29) <= (_vector_spacing << 0x5))), function at exception vector 29 too large)

.vector_30      0x9fc015c0        0x8
 *(.vector_30)
 .vector_30     0x9fc015c0        0x8 c:/program files (x86)/microchip/xc32/v1.34/bin/bin/../../lib/gcc/pic32mx/4.5.2/../../../../pic32mx/lib\libpic32.a(vector30.o)
                0x9fc015c0                __vector_dispatch_30
                0x00000001                ASSERT (((_vector_spacing == 0x0) || (SIZEOF (.vector_30) <= (_vector_spacing << 0x5))), function at exception vector 30 too large)

.vector_31      0x9fc015e0        0x8
 *(.vector_31)
 .vector_31     0x9fc015e0        0x8 c:/program files (x86)/microchip/xc32/v1.34/bin/bin/../../lib/gcc/pic32mx/4.5.2/../../../../pic32mx/lib\libpic32.a(vector31.o)
                0x9fc015e0                __vector_dispatch_31
                0x00000001                ASSERT (((_vector_spacing == 0x0) || (SIZEOF (.vector_31) <= (_vector_spacing << 0x5))), function at exception vector 31 too large)

.vector_32      0x9fc01600        0x8
 *(.vector_32)
 .vector_32     0x9fc01600        0x8 c:/program files (x86)/microchip/xc32/v1.34/bin/bin/../../lib/gcc/pic32mx/4.5.2/../../../../pic32mx/lib\libpic32.a(vector32.o)
                0x9fc01600                __vector_dispatch_32
                0x00000001                ASSERT (((_vector_spacing == 0x0) || (SIZEOF (.vector_32) <= (_vector_spacing << 0x5))), function at exception vector 32 too large)

.vector_33      0x9fc01620        0x8
 *(.vector_33)
 .vector_33     0x9fc01620        0x8 c:/program files (x86)/microchip/xc32/v1.34/bin/bin/../../lib/gcc/pic32mx/4.5.2/../../../../pic32mx/lib\libpic32.a(vector33.o)
                0x9fc01620                __vector_dispatch_33
                0x00000001                ASSERT (((_vector_spacing == 0x0) || (SIZEOF (.vector_33) <= (_vector_spacing << 0x5))), function at exception vector 33 too large)

.vector_34      0x9fc01640        0x8
 *(.vector_34)
 .vector_34     0x9fc01640        0x8 c:/program files (x86)/microchip/xc32/v1.34/bin/bin/../../lib/gcc/pic32mx/4.5.2/../../../../pic32mx/lib\libpic32.a(vector34.o)
                0x9fc01640                __vector_dispatch_34
                0x00000001                ASSERT (((_vector_spacing == 0x0) || (SIZEOF (.vector_34) <= (_vector_spacing << 0x5))), function at exception vector 34 too large)

.vector_35      0x9fc01660        0x8
 *(.vector_35)
 .vector_35     0x9fc01660        0x8 c:/program files (x86)/microchip/xc32/v1.34/bin/bin/../../lib/gcc/pic32mx/4.5.2/../../../../pic32mx/lib\libpic32.a(vector35.o)
                0x9fc01660                __vector_dispatch_35
                0x00000001                ASSERT (((_vector_spacing == 0x0) || (SIZEOF (.vector_35) <= (_vector_spacing << 0x5))), function at exception vector 35 too large)

.vector_36      0x9fc01680        0x8
 *(.vector_36)
 .vector_36     0x9fc01680        0x8 c:/program files (x86)/microchip/xc32/v1.34/bin/bin/../../lib/gcc/pic32mx/4.5.2/../../../../pic32mx/lib\libpic32.a(vector36.o)
                0x9fc01680                __vector_dispatch_36
                0x00000001                ASSERT (((_vector_spacing == 0x0) || (SIZEOF (.vector_36) <= (_vector_spacing << 0x5))), function at exception vector 36 too large)

.vector_37      0x9fc016a0        0x8
 *(.vector_37)
 .vector_37     0x9fc016a0        0x8 c:/program files (x86)/microchip/xc32/v1.34/bin/bin/../../lib/gcc/pic32mx/4.5.2/../../../../pic32mx/lib\libpic32.a(vector37.o)
                0x9fc016a0                __vector_dispatch_37
                0x00000001                ASSERT (((_vector_spacing == 0x0) || (SIZEOF (.vector_37) <= (_vector_spacing << 0x5))), function at exception vector 37 too large)

.vector_38      0x9fc016c0        0x8
 *(.vector_38)
 .vector_38     0x9fc016c0        0x8 c:/program files (x86)/microchip/xc32/v1.34/bin/bin/../../lib/gcc/pic32mx/4.5.2/../../../../pic32mx/lib\libpic32.a(vector38.o)
                0x9fc016c0                __vector_dispatch_38
                0x00000001                ASSERT (((_vector_spacing == 0x0) || (SIZEOF (.vector_38) <= (_vector_spacing << 0x5))), function at exception vector 38 too large)

.vector_39      0x9fc016e0        0x8
 *(.vector_39)
 .vector_39     0x9fc016e0        0x8 c:/program files (x86)/microchip/xc32/v1.34/bin/bin/../../lib/gcc/pic32mx/4.5.2/../../../../pic32mx/lib\libpic32.a(vector39.o)
                0x9fc016e0                __vector_dispatch_39
                0x00000001                ASSERT (((_vector_spacing == 0x0) || (SIZEOF (.vector_39) <= (_vector_spacing << 0x5))), function at exception vector 39 too large)

.vector_40      0x9fc01700        0x8
 *(.vector_40)
 .vector_40     0x9fc01700        0x8 c:/program files (x86)/microchip/xc32/v1.34/bin/bin/../../lib/gcc/pic32mx/4.5.2/../../../../pic32mx/lib\libpic32.a(vector40.o)
                0x9fc01700                __vector_dispatch_40
                0x00000001                ASSERT (((_vector_spacing == 0x0) || (SIZEOF (.vector_40) <= (_vector_spacing << 0x5))), function at exception vector 40 too large)

.vector_41      0x9fc01720        0x8
 *(.vector_41)
 .vector_41     0x9fc01720        0x8 c:/program files (x86)/microchip/xc32/v1.34/bin/bin/../../lib/gcc/pic32mx/4.5.2/../../../../pic32mx/lib\libpic32.a(vector41.o)
                0x9fc01720                __vector_dispatch_41
                0x00000001                ASSERT (((_vector_spacing == 0x0) || (SIZEOF (.vector_41) <= (_vector_spacing << 0x5))), function at exception vector 41 too large)

.vector_42      0x9fc01740        0x8
 *(.vector_42)
 .vector_42     0x9fc01740        0x8 c:/program files (x86)/microchip/xc32/v1.34/bin/bin/../../lib/gcc/pic32mx/4.5.2/../../../../pic32mx/lib\libpic32.a(vector42.o)
                0x9fc01740                __vector_dispatch_42
                0x00000001                ASSERT (((_vector_spacing == 0x0) || (SIZEOF (.vector_42) <= (_vector_spacing << 0x5))), function at exception vector 42 too large)

.vector_43      0x9fc01760        0x8
 *(.vector_43)
 .vector_43     0x9fc01760        0x8 c:/program files (x86)/microchip/xc32/v1.34/bin/bin/../../lib/gcc/pic32mx/4.5.2/../../../../pic32mx/lib\libpic32.a(vector43.o)
                0x9fc01760                __vector_dispatch_43
                0x00000001                ASSERT (((_vector_spacing == 0x0) || (SIZEOF (.vector_43) <= (_vector_spacing << 0x5))), function at exception vector 43 too large)

.vector_44      0x9fc01780        0x8
 *(.vector_44)
 .vector_44     0x9fc01780        0x8 c:/program files (x86)/microchip/xc32/v1.34/bin/bin/../../lib/gcc/pic32mx/4.5.2/../../../../pic32mx/lib\libpic32.a(vector44.o)
                0x9fc01780                __vector_dispatch_44
                0x00000001                ASSERT (((_vector_spacing == 0x0) || (SIZEOF (.vector_44) <= (_vector_spacing << 0x5))), function at exception vector 44 too large)

.vector_45      0x9fc017a0        0x8
 *(.vector_45)
 .vector_45     0x9fc017a0        0x8 c:/program files (x86)/microchip/xc32/v1.34/bin/bin/../../lib/gcc/pic32mx/4.5.2/../../../../pic32mx/lib\libpic32.a(vector45.o)
                0x9fc017a0                __vector_dispatch_45
                0x00000001                ASSERT (((_vector_spacing == 0x0) || (SIZEOF (.vector_45) <= (_vector_spacing << 0x5))), function at exception vector 45 too large)

.vector_46      0x9fc017c0        0x8
 *(.vector_46)
 .vector_46     0x9fc017c0        0x8 c:/program files (x86)/microchip/xc32/v1.34/bin/bin/../../lib/gcc/pic32mx/4.5.2/../../../../pic32mx/lib\libpic32.a(vector46.o)
                0x9fc017c0                __vector_dispatch_46
                0x00000001                ASSERT (((_vector_spacing == 0x0) || (SIZEOF (.vector_46) <= (_vector_spacing << 0x5))), function at exception vector 46 too large)

.vector_47      0x9fc017e0        0x8
 *(.vector_47)
 .vector_47     0x9fc017e0        0x8 c:/program files (x86)/microchip/xc32/v1.34/bin/bin/../../lib/gcc/pic32mx/4.5.2/../../../../pic32mx/lib\libpic32.a(vector47.o)
                0x9fc017e0                __vector_dispatch_47
                0x00000001                ASSERT (((_vector_spacing == 0x0) || (SIZEOF (.vector_47) <= (_vector_spacing << 0x5))), function at exception vector 47 too large)

.vector_48      0x9fc01800        0x8
 *(.vector_48)
 .vector_48     0x9fc01800        0x8 c:/program files (x86)/microchip/xc32/v1.34/bin/bin/../../lib/gcc/pic32mx/4.5.2/../../../../pic32mx/lib\libpic32.a(vector48.o)
                0x9fc01800                __vector_dispatch_48
                0x00000001                ASSERT (((_vector_spacing == 0x0) || (SIZEOF (.vector_48) <= (_vector_spacing << 0x5))), function at exception vector 48 too large)

.vector_49      0x9fc01820        0x8
 *(.vector_49)
 .vector_49     0x9fc01820        0x8 c:/program files (x86)/microchip/xc32/v1.34/bin/bin/../../lib/gcc/pic32mx/4.5.2/../../../../pic32mx/lib\libpic32.a(vector49.o)
                0x9fc01820                __vector_dispatch_49
                0x00000001                ASSERT (((_vector_spacing == 0x0) || (SIZEOF (.vector_49) <= (_vector_spacing << 0x5))), function at exception vector 49 too large)

.vector_50      0x9fc01840        0x8
 *(.vector_50)
 .vector_50     0x9fc01840        0x8 c:/program files (x86)/microchip/xc32/v1.34/bin/bin/../../lib/gcc/pic32mx/4.5.2/../../../../pic32mx/lib\libpic32.a(vector50.o)
                0x9fc01840                __vector_dispatch_50
                0x00000001                ASSERT (((_vector_spacing == 0x0) || (SIZEOF (.vector_50) <= (_vector_spacing << 0x5))), function at exception vector 50 too large)

.vector_51      0x9fc01860        0x8
 *(.vector_51)
 .vector_51     0x9fc01860        0x8 c:/program files (x86)/microchip/xc32/v1.34/bin/bin/../../lib/gcc/pic32mx/4.5.2/../../../../pic32mx/lib\libpic32.a(vector51.o)
                0x9fc01860                __vector_dispatch_51
                0x00000001                ASSERT (((_vector_spacing == 0x0) || (SIZEOF (.vector_51) <= (_vector_spacing << 0x5))), function at exception vector 51 too large)

.vector_52      0x9fc01880        0x0
 *(.vector_52)
                0x00000001                ASSERT (((_vector_spacing == 0x0) || (SIZEOF (.vector_52) <= (_vector_spacing << 0x5))), function at exception vector 52 too large)

.vector_53      0x9fc018a0        0x0
 *(.vector_53)
                0x00000001                ASSERT (((_vector_spacing == 0x0) || (SIZEOF (.vector_53) <= (_vector_spacing << 0x5))), function at exception vector 53 too large)

.vector_54      0x9fc018c0        0x0
 *(.vector_54)
                0x00000001                ASSERT (((_vector_spacing == 0x0) || (SIZEOF (.vector_54) <= (_vector_spacing << 0x5))), function at exception vector 54 too large)

.vector_55      0x9fc018e0        0x0
 *(.vector_55)
                0x00000001                ASSERT (((_vector_spacing == 0x0) || (SIZEOF (.vector_55) <= (_vector_spacing << 0x5))), function at exception vector 55 too large)

.vector_56      0x9fc01900        0x0
 *(.vector_56)
                0x00000001                ASSERT (((_vector_spacing == 0x0) || (SIZEOF (.vector_56) <= (_vector_spacing << 0x5))), function at exception vector 56 too large)

.vector_57      0x9fc01920        0x0
 *(.vector_57)
                0x00000001                ASSERT (((_vector_spacing == 0x0) || (SIZEOF (.vector_57) <= (_vector_spacing << 0x5))), function at exception vector 57 too large)

.vector_58      0x9fc01940        0x0
 *(.vector_58)
                0x00000001                ASSERT (((_vector_spacing == 0x0) || (SIZEOF (.vector_58) <= (_vector_spacing << 0x5))), function at exception vector 58 too large)

.vector_59      0x9fc01960        0x0
 *(.vector_59)
                0x00000001                ASSERT (((_vector_spacing == 0x0) || (SIZEOF (.vector_59) <= (_vector_spacing << 0x5))), function at exception vector 59 too large)

.vector_60      0x9fc01980        0x0
 *(.vector_60)
                0x00000001                ASSERT (((_vector_spacing == 0x0) || (SIZEOF (.vector_60) <= (_vector_spacing << 0x5))), function at exception vector 60 too large)

.vector_61      0x9fc019a0        0x0
 *(.vector_61)
                0x00000001                ASSERT (((_vector_spacing == 0x0) || (SIZEOF (.vector_61) <= (_vector_spacing << 0x5))), function at exception vector 61 too large)

.vector_62      0x9fc019c0        0x0
 *(.vector_62)
                0x00000001                ASSERT (((_vector_spacing == 0x0) || (SIZEOF (.vector_62) <= (_vector_spacing << 0x5))), function at exception vector 62 too large)

.vector_63      0x9fc019e0        0x0
 *(.vector_63)
                0x00000001                ASSERT (((_vector_spacing == 0x0) || (SIZEOF (.vector_63) <= (_vector_spacing << 0x5))), function at exception vector 63 too large)

.startup
 *(.startup)

.text           0x9d000000        0x0
 *(.stub .gnu.linkonce.t.*)
 *(.text.*personality*)
 *(.mips16.fn.*)
 *(.mips16.call.*)
 *(.gnu.warning)
                0x9d000000                . = ALIGN (0x4)

.init           0x9d000000        0x0
 *crti.o(.init)
 *crtbegin.o(.init)
 *(EXCLUDE_FILE(*crtn.o *crtend?.o *crtend.o) .init)
 *crtend.o(.init)
 *crtn.o(.init)
                0x9d000000                . = ALIGN (0x4)

.fini           0x9d000000        0x0
 *(.fini)
                0x9d000000                . = ALIGN (0x4)

.preinit_array  0x9d000000        0x0
                0x9d000000                PROVIDE (__preinit_array_start, .)
 *(.preinit_array)
                0x9d000000                PROVIDE (__preinit_array_end, .)
                0x9d000000                . = ALIGN (0x4)

.init_array     0x9d000000        0x0
                0x9d000000                PROVIDE (__init_array_start, .)
 *(SORT(.init_array.*))
 *(.init_array)
                0x9d000000                PROVIDE (__init_array_end, .)
                0x9d000000                . = ALIGN (0x4)

.fini_array     0x9d000000        0x0
                0x9d000000                PROVIDE (__fini_array_start, .)
 *(SORT(.fini_array.*))
 *(.fini_array)
                0x9d000000                PROVIDE (__fini_array_end, .)
                0x9d000000                . = ALIGN (0x4)

.ctors          0x9d000000        0x0
 *crtbegin.o(.ctors)
 *crtbegin?.o(.ctors)
 *(EXCLUDE_FILE(*crtend?.o *crtend.o) .ctors)
 *(SORT(.ctors.*))
 *(.ctors)
                0x9d000000                . = ALIGN (0x4)

.dtors          0x9d000000        0x0
 *crtbegin.o(.dtors)
 *crtbegin?.o(.dtors)
 *(EXCLUDE_FILE(*crtend?.o *crtend.o) .dtors)
 *(SORT(.dtors.*))
 *(.dtors)
                0x9d000000                . = ALIGN (0x4)

.rodata         0x9d000000        0x0
 *(.gnu.linkonce.r.*)
 *(.rodata1)
                0x9d000000                . = ALIGN (0x4)

.sdata2         0x9fc00490        0x0
 *(.sdata2 .sdata2.* .gnu.linkonce.s2.*)
                0x9fc00490                . = ALIGN (0x4)

.sbss2          0x9fc00490        0x0
 *(.sbss2 .sbss2.* .gnu.linkonce.sb2.*)
                0x9fc00490                . = ALIGN (0x4)

.eh_frame_hdr
 *(.eh_frame_hdr)
                0x9fc00490                . = ALIGN (0x4)

.eh_frame
 *(.eh_frame)
                0x9fc00490                . = ALIGN (0x4)

.gcc_except_table
 *(.gcc_except_table .gcc_except_table.*)
                0x9fc00490                . = ALIGN (0x4)

.dbg_data       0xa0000000        0x0
                0xa0000000                . = (. + DEFINED (_DEBUGGER)?0x200:0x0)

.jcr            0xa0000000        0x0
 *(.jcr)
                0xa0000000                . = ALIGN (0x4)

.eh_frame
 *(.eh_frame)
                0xa0000000                . = ALIGN (0x4)

.gcc_except_table
 *(.gcc_except_table .gcc_except_table.*)
                0xa0000000                . = ALIGN (0x4)

.persist        0xa0000000        0x0
                0xa0000000                _persist_begin = .
 *(.persist .persist.*)
 *(.pbss .pbss.*)
                0xa0000000                . = ALIGN (0x4)
                0xa0000000                _persist_end = .

.data           0xa0000000        0x0
 *(.gnu.linkonce.d.*)
 *(.data1)
                0xa0000000                . = ALIGN (0x4)
                0xa0000000                . = .
                0xa0007ff0                _gp = (ALIGN (0x10) + 0x7ff0)

.got            0xa0000000        0x0
 *(.got.plt)
 *(.got)
                0xa0000000                . = ALIGN (0x4)

.sdata          0xa0000000       0x24
                0xa0000000                _sdata_begin = .
 *(.sdata .sdata.* .gnu.linkonce.s.*)
 .sdata         0xa0000000        0x4 build/default/production/_ext/1687970324/TouchScreen.o
 .sdata         0xa0000004        0xc build/default/production/_ext/1687970324/TouchScreenResistive.o
                0xa0000004                adcX
                0xa0000006                adcY
                0xa0000008                _trA
                0xa000000a                _trB
                0xa000000c                _trC
                0xa000000e                _trD
 .sdata         0xa0000010        0x1 build/default/production/_ext/1919882987/TCON_SSD1289.o
 *fill*         0xa0000011        0x3 
 .sdata         0xa0000014        0x8 build/default/production/_ext/803622919/Chart.o
 .sdata         0xa000001c        0x4 build/default/production/_ext/803622919/Meter.o
 .sdata         0xa0000020        0x1 build/default/production/_ext/803622919/Primitive.o
                0xa0000024                . = ALIGN (0x4)
 *fill*         0xa0000021        0x3 
                0xa0000024                _sdata_end = .

.lit8
 *(.lit8)

.lit4
 *(.lit4)
                0xa0000024                . = ALIGN (0x4)
                0xa0000024                _data_end = .
                0xa0000024                _bss_begin = .

.sbss           0xa0000024      0x1f4
                0xa0000024                _sbss_begin = .
 *(.dynsbss)
 *(.sbss .sbss.* .gnu.linkonce.sb.*)
 .sbss          0xa0000024        0xc build/default/production/_ext/1687970324/TouchScreen.o
                0xa0000024                pCalDataRead
                0xa0000028                pCalDataWrite
                0xa000002c                pCalDataSectorErase
 .sbss          0xa0000030        0xc build/default/production/_ext/1687970324/TouchScreenResistive.o
                0xa0000030                adcPot
                0xa0000034                state
 .sbss          0xa000003c        0xc build/default/production/_ext/803622919/StaticText.o
 .sbss          0xa0000048        0x4 build/default/production/_ext/803622919/Window.o
 .sbss          0xa000004c        0xc build/default/production/_ext/803622919/Button.o
 .sbss          0xa0000058       0x78 build/default/production/_ext/803622919/Chart.o
 .sbss          0xa00000d0        0x4 build/default/production/_ext/803622919/CheckBox.o
 .sbss          0xa00000d4       0x10 build/default/production/_ext/803622919/EditBox.o
 .sbss          0xa00000e4       0x24 build/default/production/_ext/803622919/GOL.o
                0xa00000e4                _pGolObjects
                0xa00000e8                _pDefaultGolScheme
                0xa00000ec                _pObjectFocused
                0xa00000f0                _pRpnlBitmap
 .sbss          0xa0000108        0xc build/default/production/_ext/803622919/GroupBox.o
 .sbss          0xa0000114        0xc build/default/production/_ext/803622919/ListBox.o
 .sbss          0xa0000120       0x24 build/default/production/_ext/803622919/Meter.o
 .sbss          0xa0000144        0xc build/default/production/_ext/803622919/Picture.o
 .sbss          0xa0000150       0x14 build/default/production/_ext/803622919/RadioButton.o
                0xa0000150                _pListButtons
 .sbss          0xa0000164       0x18 build/default/production/_ext/803622919/Slider.o
 .sbss          0xa000017c       0x44 build/default/production/_ext/803622919/Primitive.o
 .sbss          0xa00001c0        0x4 build/default/production/_ext/1472/TicTacToe.o
                0xa00001c0                tick
 .sbss          0xa00001c4       0x10 c:/program files (x86)/microchip/xc32/v1.34/bin/bin/../../lib/gcc/pic32mx/4.5.2/../../../../pic32mx/lib\libc.a(malloc.o)
                0xa00001c4                __allocp
                0xa00001c8                __alloct
                0xa00001cc                __allocx
 .sbss          0xa00001d4        0x8 c:/program files (x86)/microchip/xc32/v1.34/bin/bin/../../lib/gcc/pic32mx/4.5.2/../../../../pic32mx/lib\libpic32.a(sbrk.o)
                0xa00001d4                _minbrk
                0xa00001d8                _maxbrk
 .sbss          0xa00001dc        0x4 c:/program files (x86)/microchip/xc32/v1.34/bin/bin/../../lib/gcc/pic32mx/4.5.2/../../../../pic32mx/lib\libpic32.a(errno.o)
                0xa00001dc                errno
 *(.scommon)
 .scommon       0xa00001e0        0xc build/default/production/_ext/1919882987/SSD1926.o
                0xa00001e0                _clipLeft
                0xa00001e2                _clipTop
                0xa00001e4                _color
                0xa00001e6                _clipRgn
                0xa00001e8                _clipRight
                0xa00001ea                _clipBottom
 .scommon       0xa00001ec       0x12 build/default/production/_ext/803622919/GOL.o
                0xa00001ec                _rpnlY2
                0xa00001ee                _rpnlY1
                0xa00001f0                _rpnlEmbossDkColor
                0xa00001f2                _rpnlFaceColor
                0xa00001f4                _rpnlX2
                0xa00001f6                _rpnlX1
                0xa00001f8                _rpnlEmbossSize
                0xa00001fa                _rpnlR
                0xa00001fc                _rpnlEmbossLtColor
 *fill*         0xa00001fe        0x2 
 .scommon       0xa0000200       0x13 build/default/production/_ext/803622919/Primitive.o
                0xa0000200                _fontOrientation
                0xa0000201                _bevelDrawType
                0xa0000202                _fontFirstChar
                0xa0000204                _fontLastChar
                0xa0000206                _lineType
                0xa0000208                _cursorY
                0xa000020a                _cursorX
                0xa000020c                _font
                0xa0000210                _fontHeight
                0xa0000212                _lineThickness
 *fill*         0xa0000213        0x1 
 .scommon       0xa0000214        0x4 build/default/production/_ext/1472/TicTacToe.o
                0xa0000214                tickscaler
                0xa0000218                _sbss_end = .
                0xa0000218                . = ALIGN (0x4)

.bss            0xa0000218       0x24
 *(.dynbss)
 *(COMMON)
 COMMON         0xa0000218       0x24 build/default/production/_ext/1472/TicTacToe.o
                0xa0000218                press
                0xa000023c                . = ALIGN ((. != 0x0)?0x4:0x1)
                0xa000023c                . = ALIGN (0x4)
                0xa000023c                _end = .
                0xa000023c                _bss_end = .
                0x00020000                _bmxdudba_address = 0x20000
                0x00020000                _bmxdupba_address = 0x20000

/DISCARD/
 *(.pdr)
 *(.rel.dyn)
 *(.note.GNU-stack)
 *(.note.GNU-stack)
 *(.gnu_debuglink)
 *(.gnu.lto_*)
 *(.discard)

.gptab.sdata
 *(.gptab.data)
 *(.gptab.sdata)

.gptab.sbss
 *(.gptab.bss)
 *(.gptab.sbss)

.mdebug.abi32   0xa000023c        0x0
 *(.mdebug.abi32)
 .mdebug.abi32  0xa000023c        0x0 build/default/production/_ext/1687970324/SST25VF016.o
 .mdebug.abi32  0xa000023c        0x0 build/default/production/_ext/1687970324/TouchScreen.o
 .mdebug.abi32  0xa000023c        0x0 build/default/production/_ext/1687970324/drv_spi.o
 .mdebug.abi32  0xa000023c        0x0 build/default/production/_ext/1687970324/TouchScreenResistive.o
 .mdebug.abi32  0xa000023c        0x0 build/default/production/_ext/1860783399/TimeDelay.o
 .mdebug.abi32  0xa000023c        0x0 build/default/production/_ext/1919882987/SSD1926.o
 .mdebug.abi32  0xa000023c        0x0 build/default/production/_ext/1919882987/TCON_SSD1289.o
 .mdebug.abi32  0xa000023c        0x0 build/default/production/_ext/1919882987/mchpGfxLCC.o
 .mdebug.abi32  0xa000023c        0x0 build/default/production/_ext/803622919/StaticText.o
 .mdebug.abi32  0xa000023c        0x0 build/default/production/_ext/803622919/Window.o
 .mdebug.abi32  0xa000023c        0x0 build/default/production/_ext/803622919/Button.o
 .mdebug.abi32  0xa000023c        0x0 build/default/production/_ext/803622919/Chart.o
 .mdebug.abi32  0xa000023c        0x0 build/default/production/_ext/803622919/CheckBox.o
 .mdebug.abi32  0xa000023c        0x0 build/default/production/_ext/803622919/EditBox.o
 .mdebug.abi32  0xa000023c        0x0 build/default/production/_ext/803622919/GOL.o
 .mdebug.abi32  0xa000023c        0x0 build/default/production/_ext/803622919/GOLFontDefault.o
 .mdebug.abi32  0xa000023c        0x0 build/default/production/_ext/803622919/Grid.o
 .mdebug.abi32  0xa000023c        0x0 build/default/production/_ext/803622919/GroupBox.o
 .mdebug.abi32  0xa000023c        0x0 build/default/production/_ext/803622919/ListBox.o
 .mdebug.abi32  0xa000023c        0x0 build/default/production/_ext/803622919/Meter.o
 .mdebug.abi32  0xa000023c        0x0 build/default/production/_ext/803622919/Picture.o
 .mdebug.abi32  0xa000023c        0x0 build/default/production/_ext/803622919/RadioButton.o
 .mdebug.abi32  0xa000023c        0x0 build/default/production/_ext/803622919/Slider.o
 .mdebug.abi32  0xa000023c        0x0 build/default/production/_ext/803622919/Primitive.o
 .mdebug.abi32  0xa000023c        0x0 build/default/production/_ext/803622919/GOLSchemeDefault.o
 .mdebug.abi32  0xa000023c        0x0 build/default/production/_ext/1472/TicTacToe.o
 .mdebug.abi32  0xa000023c        0x0 build/default/production/_ext/1472/TTT_Images.o
 .mdebug.abi32  0xa000023c        0x0 c:/program files (x86)/microchip/xc32/v1.34/bin/bin/../../lib/gcc/pic32mx/4.5.2/../../../../pic32mx/lib\libmchp_peripheral_32MX795F512L.a(pcache.o)
 .mdebug.abi32  0xa000023c        0x0 c:/program files (x86)/microchip/xc32/v1.34/bin/bin/../../lib/gcc/pic32mx/4.5.2/../../../../pic32mx/lib\libmchp_peripheral_32MX795F512L.a(int_disable_interrupts_lib.o)
 .mdebug.abi32  0xa000023c        0x0 c:/program files (x86)/microchip/xc32/v1.34/bin/bin/../../lib/gcc/pic32mx/4.5.2/../../../../pic32mx/lib\libmchp_peripheral_32MX795F512L.a(int_restore_interrupts_lib.o)
 .mdebug.abi32  0xa000023c        0x0 c:/program files (x86)/microchip/xc32/v1.34/bin/bin/../../lib/gcc/pic32mx/4.5.2/../../../../pic32mx/lib\libmchp_peripheral_32MX795F512L.a(int_enable_mv_int_lib.o)
 .mdebug.abi32  0xa000023c        0x0 c:/program files (x86)/microchip/xc32/v1.34/bin/bin/../../lib/gcc/pic32mx/4.5.2/../../../../pic32mx/lib\libmchp_peripheral_32MX795F512L.a(int_enable_interrupts_lib.o)
 .mdebug.abi32  0xa000023c        0x0 c:/program files (x86)/microchip/xc32/v1.34/bin/bin/../../lib/gcc/pic32mx/4.5.2/../../../../pic32mx/lib\libpic32.a(default-bootstrap-exception-handler.o)
 .mdebug.abi32  0xa000023c        0x0 c:/program files (x86)/microchip/xc32/v1.34/bin/bin/../../lib/gcc/pic32mx/4.5.2/../../../../pic32mx/lib\libpic32.a(default-on-reset.o)
 .mdebug.abi32  0xa000023c        0x0 c:/program files (x86)/microchip/xc32/v1.34/bin/bin/../../lib/gcc/pic32mx/4.5.2/../../../../pic32mx/lib\libpic32.a(default-on-bootstrap.o)
 .mdebug.abi32  0xa000023c        0x0 c:/program files (x86)/microchip/xc32/v1.34/bin/bin/../../lib/gcc/pic32mx/4.5.2/../../../../pic32mx/lib\libpic32.a(default-general-exception-handler.o)
 .mdebug.abi32  0xa000023c        0x0 c:/program files (x86)/microchip/xc32/v1.34/bin/bin/../../lib/gcc/pic32mx/4.5.2/../../../../pic32mx/lib\libpic32.a(defaultinterrupt.o)
 .mdebug.abi32  0xa000023c        0x0 c:/program files (x86)/microchip/xc32/v1.34/bin/bin/../../lib/gcc/pic32mx/4.5.2/../../../../pic32mx/lib\libc.a(malloc.o)
 .mdebug.abi32  0xa000023c        0x0 c:/program files (x86)/microchip/xc32/v1.34/bin/bin/../../lib/gcc/pic32mx/4.5.2/../../../../pic32mx/lib\libpic32.a(sbrk.o)
 .mdebug.abi32  0xa000023c        0x0 c:/program files (x86)/microchip/xc32/v1.34/bin/bin/../../lib/gcc/pic32mx/4.5.2/../../../../pic32mx/lib\libpic32.a(errno.o)

.mdebug.abiN32
 *(.mdebug.abiN32)

.mdebug.abi64
 *(.mdebug.abi64)

.mdebug.abiO64
 *(.mdebug.abiO64)

.mdebug.eabi32
 *(.mdebug.eabi32)

.mdebug.eabi64
 *(.mdebug.eabi64)

.gcc_compiled_long32
 *(.gcc_compiled_long32)

.gcc_compiled_long64
 *(.gcc_compiled_long64)

.stab
 *(.stab)

.stabstr
 *(.stabstr)

.stab.excl
 *(.stab.excl)

.stab.exclstr
 *(.stab.exclstr)

.stab.index
 *(.stab.index)

.stab.indexstr
 *(.stab.indexstr)

.comment        0x00000000       0xdb
 *(.comment)
 .comment       0x00000000       0x3c build/default/production/_ext/1687970324/SST25VF016.o
                                 0x3d (size before relaxing)
 .comment       0x00000000       0x3d build/default/production/_ext/1687970324/TouchScreen.o
 .comment       0x00000000       0x3d build/default/production/_ext/1687970324/drv_spi.o
 .comment       0x00000000       0x3d build/default/production/_ext/1687970324/TouchScreenResistive.o
 .comment       0x00000000       0x3d build/default/production/_ext/1860783399/TimeDelay.o
 .comment       0x00000000       0x3d build/default/production/_ext/1919882987/SSD1926.o
 .comment       0x00000000       0x3d build/default/production/_ext/1919882987/TCON_SSD1289.o
 .comment       0x00000000       0x3d build/default/production/_ext/1919882987/mchpGfxLCC.o
 .comment       0x00000000       0x3d build/default/production/_ext/803622919/StaticText.o
 .comment       0x00000000       0x3d build/default/production/_ext/803622919/Window.o
 .comment       0x00000000       0x3d build/default/production/_ext/803622919/Button.o
 .comment       0x00000000       0x3d build/default/production/_ext/803622919/Chart.o
 .comment       0x00000000       0x3d build/default/production/_ext/803622919/CheckBox.o
 .comment       0x00000000       0x3d build/default/production/_ext/803622919/EditBox.o
 .comment       0x00000000       0x3d build/default/production/_ext/803622919/GOL.o
 .comment       0x00000000       0x3d build/default/production/_ext/803622919/GOLFontDefault.o
 .comment       0x00000000       0x3d build/default/production/_ext/803622919/Grid.o
 .comment       0x00000000       0x3d build/default/production/_ext/803622919/GroupBox.o
 .comment       0x00000000       0x3d build/default/production/_ext/803622919/ListBox.o
 .comment       0x00000000       0x3d build/default/production/_ext/803622919/Meter.o
 .comment       0x00000000       0x3d build/default/production/_ext/803622919/Picture.o
 .comment       0x00000000       0x3d build/default/production/_ext/803622919/RadioButton.o
 .comment       0x00000000       0x3d build/default/production/_ext/803622919/Slider.o
 .comment       0x00000000       0x3d build/default/production/_ext/803622919/Primitive.o
 .comment       0x00000000       0x3d build/default/production/_ext/803622919/GOLSchemeDefault.o
 .comment       0x00000000       0x3d build/default/production/_ext/1472/TicTacToe.o
 .comment       0x00000000       0x3d build/default/production/_ext/1472/TTT_Images.o
 .comment       0x0000003c       0x3c c:/program files (x86)/microchip/xc32/v1.34/bin/bin/../../lib/gcc/pic32mx/4.5.2/../../../../pic32mx/lib\libmchp_peripheral_32MX795F512L.a(pcache.o)
                                 0x3d (size before relaxing)
 .comment       0x00000000       0x3d c:/program files (x86)/microchip/xc32/v1.34/bin/bin/../../lib/gcc/pic32mx/4.5.2/../../../../pic32mx/lib\libmchp_peripheral_32MX795F512L.a(int_disable_interrupts_lib.o)
 .comment       0x00000000       0x3d c:/program files (x86)/microchip/xc32/v1.34/bin/bin/../../lib/gcc/pic32mx/4.5.2/../../../../pic32mx/lib\libmchp_peripheral_32MX795F512L.a(int_restore_interrupts_lib.o)
 .comment       0x00000000       0x3d c:/program files (x86)/microchip/xc32/v1.34/bin/bin/../../lib/gcc/pic32mx/4.5.2/../../../../pic32mx/lib\libmchp_peripheral_32MX795F512L.a(int_enable_mv_int_lib.o)
 .comment       0x00000000       0x3d c:/program files (x86)/microchip/xc32/v1.34/bin/bin/../../lib/gcc/pic32mx/4.5.2/../../../../pic32mx/lib\libmchp_peripheral_32MX795F512L.a(int_enable_interrupts_lib.o)
 .comment       0x00000078       0x18 c:/program files (x86)/microchip/xc32/v1.34/bin/bin/../../lib/gcc/pic32mx/4.5.2/../../../../pic32mx/lib\libpic32.a(memset.o)
                                 0x19 (size before relaxing)
 .comment       0x00000000       0x3d c:/program files (x86)/microchip/xc32/v1.34/bin/bin/../../lib/gcc/pic32mx/4.5.2/../../../../pic32mx/lib\libpic32.a(default-bootstrap-exception-handler.o)
 .comment       0x00000000       0x3d c:/program files (x86)/microchip/xc32/v1.34/bin/bin/../../lib/gcc/pic32mx/4.5.2/../../../../pic32mx/lib\libpic32.a(default-on-reset.o)
 .comment       0x00000000       0x3d c:/program files (x86)/microchip/xc32/v1.34/bin/bin/../../lib/gcc/pic32mx/4.5.2/../../../../pic32mx/lib\libpic32.a(default-on-bootstrap.o)
 .comment       0x00000000       0x3d c:/program files (x86)/microchip/xc32/v1.34/bin/bin/../../lib/gcc/pic32mx/4.5.2/../../../../pic32mx/lib\libpic32.a(default-general-exception-handler.o)
 .comment       0x00000000       0x3d c:/program files (x86)/microchip/xc32/v1.34/bin/bin/../../lib/gcc/pic32mx/4.5.2/../../../../pic32mx/lib\libpic32.a(defaultinterrupt.o)
 .comment       0x00000000       0x3d c:/program files (x86)/microchip/xc32/v1.34/bin/bin/../../lib/gcc/pic32mx/4.5.2/../../../../pic32mx/lib\libc.a(malloc.o)
 .comment       0x00000090       0x4b c:/program files (x86)/microchip/xc32/v1.34/bin/bin/../../lib/gcc/pic32mx/4.5.2/../../../../pic32mx/lib\libpic32.a(sbrk.o)
                                 0x88 (size before relaxing)
 .comment       0x00000000       0x3d c:/program files (x86)/microchip/xc32/v1.34/bin/bin/../../lib/gcc/pic32mx/4.5.2/../../../../pic32mx/lib\libpic32.a(errno.o)

.debug
 *(.debug)

.line
 *(.line)

.debug_srcinfo
 *(.debug_srcinfo)

.debug_sfnames
 *(.debug_sfnames)

.debug_aranges  0x00000000      0x498
 *(.debug_aranges)
 .debug_aranges
                0x00000000       0x20 build/default/production/_ext/1687970324/SST25VF016.o
 .debug_aranges
                0x00000020       0x20 build/default/production/_ext/1687970324/TouchScreen.o
 .debug_aranges
                0x00000040       0x20 build/default/production/_ext/1687970324/drv_spi.o
 .debug_aranges
                0x00000060       0x20 build/default/production/_ext/1687970324/TouchScreenResistive.o
 .debug_aranges
                0x00000080       0x20 build/default/production/_ext/1860783399/TimeDelay.o
 .debug_aranges
                0x000000a0       0x20 build/default/production/_ext/1919882987/SSD1926.o
 .debug_aranges
                0x000000c0       0x20 build/default/production/_ext/1919882987/TCON_SSD1289.o
 .debug_aranges
                0x000000e0       0x20 build/default/production/_ext/803622919/StaticText.o
 .debug_aranges
                0x00000100       0x20 build/default/production/_ext/803622919/Window.o
 .debug_aranges
                0x00000120       0x20 build/default/production/_ext/803622919/Button.o
 .debug_aranges
                0x00000140       0x20 build/default/production/_ext/803622919/Chart.o
 .debug_aranges
                0x00000160       0x20 build/default/production/_ext/803622919/CheckBox.o
 .debug_aranges
                0x00000180       0x20 build/default/production/_ext/803622919/EditBox.o
 .debug_aranges
                0x000001a0       0x20 build/default/production/_ext/803622919/GOL.o
 .debug_aranges
                0x000001c0       0x20 build/default/production/_ext/803622919/Grid.o
 .debug_aranges
                0x000001e0       0x20 build/default/production/_ext/803622919/GroupBox.o
 .debug_aranges
                0x00000200       0x20 build/default/production/_ext/803622919/ListBox.o
 .debug_aranges
                0x00000220       0x20 build/default/production/_ext/803622919/Meter.o
 .debug_aranges
                0x00000240       0x20 build/default/production/_ext/803622919/Picture.o
 .debug_aranges
                0x00000260       0x20 build/default/production/_ext/803622919/RadioButton.o
 .debug_aranges
                0x00000280       0x20 build/default/production/_ext/803622919/Slider.o
 .debug_aranges
                0x000002a0       0x20 build/default/production/_ext/803622919/Primitive.o
 .debug_aranges
                0x000002c0       0x20 build/default/production/_ext/1472/TicTacToe.o
 .debug_aranges
                0x000002e0       0x28 c:/program files (x86)/microchip/xc32/v1.34/bin/bin/../../lib/gcc/pic32mx/4.5.2/../../../../pic32mx/lib\libmchp_peripheral_32MX795F512L.a(pcache.o)
 .debug_aranges
                0x00000308       0x20 c:/program files (x86)/microchip/xc32/v1.34/bin/bin/../../lib/gcc/pic32mx/4.5.2/../../../../pic32mx/lib\libmchp_peripheral_32MX795F512L.a(int_disable_interrupts_lib.o)
 .debug_aranges
                0x00000328       0x20 c:/program files (x86)/microchip/xc32/v1.34/bin/bin/../../lib/gcc/pic32mx/4.5.2/../../../../pic32mx/lib\libmchp_peripheral_32MX795F512L.a(int_restore_interrupts_lib.o)
 .debug_aranges
                0x00000348       0x20 c:/program files (x86)/microchip/xc32/v1.34/bin/bin/../../lib/gcc/pic32mx/4.5.2/../../../../pic32mx/lib\libmchp_peripheral_32MX795F512L.a(int_enable_mv_int_lib.o)
 .debug_aranges
                0x00000368       0x20 c:/program files (x86)/microchip/xc32/v1.34/bin/bin/../../lib/gcc/pic32mx/4.5.2/../../../../pic32mx/lib\libmchp_peripheral_32MX795F512L.a(int_enable_interrupts_lib.o)
 .debug_aranges
                0x00000388       0x20 c:/program files (x86)/microchip/xc32/v1.34/bin/bin/../../lib/gcc/pic32mx/4.5.2/../../../../pic32mx/lib\libpic32.a(default-bootstrap-exception-handler.o)
 .debug_aranges
                0x000003a8       0x20 c:/program files (x86)/microchip/xc32/v1.34/bin/bin/../../lib/gcc/pic32mx/4.5.2/../../../../pic32mx/lib\libpic32.a(default-on-reset.o)
 .debug_aranges
                0x000003c8       0x20 c:/program files (x86)/microchip/xc32/v1.34/bin/bin/../../lib/gcc/pic32mx/4.5.2/../../../../pic32mx/lib\libpic32.a(default-on-bootstrap.o)
 .debug_aranges
                0x000003e8       0x20 c:/program files (x86)/microchip/xc32/v1.34/bin/bin/../../lib/gcc/pic32mx/4.5.2/../../../../pic32mx/lib\libpic32.a(default-general-exception-handler.o)
 .debug_aranges
                0x00000408       0x20 c:/program files (x86)/microchip/xc32/v1.34/bin/bin/../../lib/gcc/pic32mx/4.5.2/../../../../pic32mx/lib\libpic32.a(defaultinterrupt.o)
 .debug_aranges
                0x00000428       0x30 c:/program files (x86)/microchip/xc32/v1.34/bin/bin/../../lib/gcc/pic32mx/4.5.2/../../../../pic32mx/lib\libc.a(malloc.o)
 .debug_aranges
                0x00000458       0x40 c:/program files (x86)/microchip/xc32/v1.34/bin/bin/../../lib/gcc/pic32mx/4.5.2/../../../../pic32mx/lib\libpic32.a(sbrk.o)

.debug_pubnames
                0x00000000     0x149f
 *(.debug_pubnames)
 .debug_pubnames
                0x00000000      0x101 build/default/production/_ext/1687970324/SST25VF016.o
 .debug_pubnames
                0x00000101       0x9d build/default/production/_ext/1687970324/TouchScreen.o
 .debug_pubnames
                0x0000019e       0x59 build/default/production/_ext/1687970324/drv_spi.o
 .debug_pubnames
                0x000001f7      0x15d build/default/production/_ext/1687970324/TouchScreenResistive.o
 .debug_pubnames
                0x00000354       0x2c build/default/production/_ext/1860783399/TimeDelay.o
 .debug_pubnames
                0x00000380      0x1ac build/default/production/_ext/1919882987/SSD1926.o
 .debug_pubnames
                0x0000052c       0x60 build/default/production/_ext/1919882987/TCON_SSD1289.o
 .debug_pubnames
                0x0000058c       0x4b build/default/production/_ext/803622919/StaticText.o
 .debug_pubnames
                0x000005d7       0x4f build/default/production/_ext/803622919/Window.o
 .debug_pubnames
                0x00000626       0x75 build/default/production/_ext/803622919/Button.o
 .debug_pubnames
                0x0000069b      0x162 build/default/production/_ext/803622919/Chart.o
 .debug_pubnames
                0x000007fd       0x5c build/default/production/_ext/803622919/CheckBox.o
 .debug_pubnames
                0x00000859       0x7b build/default/production/_ext/803622919/EditBox.o
 .debug_pubnames
                0x000008d4      0x1c1 build/default/production/_ext/803622919/GOL.o
 .debug_pubnames
                0x00000a95       0x3a build/default/production/_ext/803622919/GOLFontDefault.o
 .debug_pubnames
                0x00000acf       0xc5 build/default/production/_ext/803622919/Grid.o
 .debug_pubnames
                0x00000b94       0x3d build/default/production/_ext/803622919/GroupBox.o
 .debug_pubnames
                0x00000bd1       0xc4 build/default/production/_ext/803622919/ListBox.o
 .debug_pubnames
                0x00000c95       0x76 build/default/production/_ext/803622919/Meter.o
 .debug_pubnames
                0x00000d0b       0x43 build/default/production/_ext/803622919/Picture.o
 .debug_pubnames
                0x00000d4e       0x8c build/default/production/_ext/803622919/RadioButton.o
 .debug_pubnames
                0x00000dda       0xc8 build/default/production/_ext/803622919/Slider.o
 .debug_pubnames
                0x00000ea2      0x26f build/default/production/_ext/803622919/Primitive.o
 .debug_pubnames
                0x00001111       0x27 build/default/production/_ext/803622919/GOLSchemeDefault.o
 .debug_pubnames
                0x00001138       0xde build/default/production/_ext/1472/TicTacToe.o
 .debug_pubnames
                0x00001216       0x3a build/default/production/_ext/1472/TTT_Images.o
 .debug_pubnames
                0x00001250       0x3b c:/program files (x86)/microchip/xc32/v1.34/bin/bin/../../lib/gcc/pic32mx/4.5.2/../../../../pic32mx/lib\libmchp_peripheral_32MX795F512L.a(pcache.o)
 .debug_pubnames
                0x0000128b       0x2b c:/program files (x86)/microchip/xc32/v1.34/bin/bin/../../lib/gcc/pic32mx/4.5.2/../../../../pic32mx/lib\libmchp_peripheral_32MX795F512L.a(int_disable_interrupts_lib.o)
 .debug_pubnames
                0x000012b6       0x2b c:/program files (x86)/microchip/xc32/v1.34/bin/bin/../../lib/gcc/pic32mx/4.5.2/../../../../pic32mx/lib\libmchp_peripheral_32MX795F512L.a(int_restore_interrupts_lib.o)
 .debug_pubnames
                0x000012e1       0x36 c:/program files (x86)/microchip/xc32/v1.34/bin/bin/../../lib/gcc/pic32mx/4.5.2/../../../../pic32mx/lib\libmchp_peripheral_32MX795F512L.a(int_enable_mv_int_lib.o)
 .debug_pubnames
                0x00001317       0x2a c:/program files (x86)/microchip/xc32/v1.34/bin/bin/../../lib/gcc/pic32mx/4.5.2/../../../../pic32mx/lib\libmchp_peripheral_32MX795F512L.a(int_enable_interrupts_lib.o)
 .debug_pubnames
                0x00001341       0x33 c:/program files (x86)/microchip/xc32/v1.34/bin/bin/../../lib/gcc/pic32mx/4.5.2/../../../../pic32mx/lib\libpic32.a(default-bootstrap-exception-handler.o)
 .debug_pubnames
                0x00001374       0x20 c:/program files (x86)/microchip/xc32/v1.34/bin/bin/../../lib/gcc/pic32mx/4.5.2/../../../../pic32mx/lib\libpic32.a(default-on-reset.o)
 .debug_pubnames
                0x00001394       0x24 c:/program files (x86)/microchip/xc32/v1.34/bin/bin/../../lib/gcc/pic32mx/4.5.2/../../../../pic32mx/lib\libpic32.a(default-on-bootstrap.o)
 .debug_pubnames
                0x000013b8       0x31 c:/program files (x86)/microchip/xc32/v1.34/bin/bin/../../lib/gcc/pic32mx/4.5.2/../../../../pic32mx/lib\libpic32.a(default-general-exception-handler.o)
 .debug_pubnames
                0x000013e9       0x28 c:/program files (x86)/microchip/xc32/v1.34/bin/bin/../../lib/gcc/pic32mx/4.5.2/../../../../pic32mx/lib\libpic32.a(defaultinterrupt.o)
 .debug_pubnames
                0x00001411       0x32 c:/program files (x86)/microchip/xc32/v1.34/bin/bin/../../lib/gcc/pic32mx/4.5.2/../../../../pic32mx/lib\libc.a(malloc.o)
 .debug_pubnames
                0x00001443       0x5c c:/program files (x86)/microchip/xc32/v1.34/bin/bin/../../lib/gcc/pic32mx/4.5.2/../../../../pic32mx/lib\libpic32.a(sbrk.o)

.debug_info     0x00000000    0x33cdb
 *(.debug_info .gnu.linkonce.wi.*)
 .debug_info    0x00000000     0x1c0c build/default/production/_ext/1687970324/SST25VF016.o
 .debug_info    0x00001c0c     0x1862 build/default/production/_ext/1687970324/TouchScreen.o
 .debug_info    0x0000346e     0x173b build/default/production/_ext/1687970324/drv_spi.o
 .debug_info    0x00004ba9     0x2596 build/default/production/_ext/1687970324/TouchScreenResistive.o
 .debug_info    0x0000713f     0x124e build/default/production/_ext/1860783399/TimeDelay.o
 .debug_info    0x0000838d     0x379c build/default/production/_ext/1919882987/SSD1926.o
 .debug_info    0x0000bb29     0x143a build/default/production/_ext/1919882987/TCON_SSD1289.o
 .debug_info    0x0000cf63     0x117c build/default/production/_ext/1919882987/mchpGfxLCC.o
 .debug_info    0x0000e0df     0x1cdb build/default/production/_ext/803622919/StaticText.o
 .debug_info    0x0000fdba     0x1df4 build/default/production/_ext/803622919/Window.o
 .debug_info    0x00011bae     0x205c build/default/production/_ext/803622919/Button.o
 .debug_info    0x00013c0a     0x3153 build/default/production/_ext/803622919/Chart.o
 .debug_info    0x00016d5d     0x1e9a build/default/production/_ext/803622919/CheckBox.o
 .debug_info    0x00018bf7     0x1fb8 build/default/production/_ext/803622919/EditBox.o
 .debug_info    0x0001abaf     0x207e build/default/production/_ext/803622919/GOL.o
 .debug_info    0x0001cc2d      0x2b2 build/default/production/_ext/803622919/GOLFontDefault.o
 .debug_info    0x0001cedf     0x1fc3 build/default/production/_ext/803622919/Grid.o
 .debug_info    0x0001eea2     0x1de5 build/default/production/_ext/803622919/GroupBox.o
 .debug_info    0x00020c87     0x228d build/default/production/_ext/803622919/ListBox.o
 .debug_info    0x00022f14     0x2881 build/default/production/_ext/803622919/Meter.o
 .debug_info    0x00025795     0x1c4e build/default/production/_ext/803622919/Picture.o
 .debug_info    0x000273e3     0x2530 build/default/production/_ext/803622919/RadioButton.o
 .debug_info    0x00029913     0x27fe build/default/production/_ext/803622919/Slider.o
 .debug_info    0x0002c111     0x31a3 build/default/production/_ext/803622919/Primitive.o
 .debug_info    0x0002f2b4      0x3b0 build/default/production/_ext/803622919/GOLSchemeDefault.o
 .debug_info    0x0002f664     0x29e2 build/default/production/_ext/1472/TicTacToe.o
 .debug_info    0x00032046     0x12eb build/default/production/_ext/1472/TTT_Images.o
 .debug_info    0x00033331       0xbf c:/program files (x86)/microchip/xc32/v1.34/bin/bin/../../lib/gcc/pic32mx/4.5.2/../../../../pic32mx/lib\libmchp_peripheral_32MX795F512L.a(pcache.o)
 .debug_info    0x000333f0       0xb6 c:/program files (x86)/microchip/xc32/v1.34/bin/bin/../../lib/gcc/pic32mx/4.5.2/../../../../pic32mx/lib\libmchp_peripheral_32MX795F512L.a(int_disable_interrupts_lib.o)
 .debug_info    0x000334a6       0xb6 c:/program files (x86)/microchip/xc32/v1.34/bin/bin/../../lib/gcc/pic32mx/4.5.2/../../../../pic32mx/lib\libmchp_peripheral_32MX795F512L.a(int_restore_interrupts_lib.o)
 .debug_info    0x0003355c       0xbc c:/program files (x86)/microchip/xc32/v1.34/bin/bin/../../lib/gcc/pic32mx/4.5.2/../../../../pic32mx/lib\libmchp_peripheral_32MX795F512L.a(int_enable_mv_int_lib.o)
 .debug_info    0x00033618       0xb4 c:/program files (x86)/microchip/xc32/v1.34/bin/bin/../../lib/gcc/pic32mx/4.5.2/../../../../pic32mx/lib\libmchp_peripheral_32MX795F512L.a(int_enable_interrupts_lib.o)
 .debug_info    0x000336cc       0xe2 c:/program files (x86)/microchip/xc32/v1.34/bin/bin/../../lib/gcc/pic32mx/4.5.2/../../../../pic32mx/lib\libpic32.a(default-bootstrap-exception-handler.o)
 .debug_info    0x000337ae       0xbc c:/program files (x86)/microchip/xc32/v1.34/bin/bin/../../lib/gcc/pic32mx/4.5.2/../../../../pic32mx/lib\libpic32.a(default-on-reset.o)
 .debug_info    0x0003386a       0xc4 c:/program files (x86)/microchip/xc32/v1.34/bin/bin/../../lib/gcc/pic32mx/4.5.2/../../../../pic32mx/lib\libpic32.a(default-on-bootstrap.o)
 .debug_info    0x0003392e       0xde c:/program files (x86)/microchip/xc32/v1.34/bin/bin/../../lib/gcc/pic32mx/4.5.2/../../../../pic32mx/lib\libpic32.a(default-general-exception-handler.o)
 .debug_info    0x00033a0c       0xd6 c:/program files (x86)/microchip/xc32/v1.34/bin/bin/../../lib/gcc/pic32mx/4.5.2/../../../../pic32mx/lib\libpic32.a(defaultinterrupt.o)
 .debug_info    0x00033ae2       0xe4 c:/program files (x86)/microchip/xc32/v1.34/bin/bin/../../lib/gcc/pic32mx/4.5.2/../../../../pic32mx/lib\libc.a(malloc.o)
 .debug_info    0x00033bc6      0x115 c:/program files (x86)/microchip/xc32/v1.34/bin/bin/../../lib/gcc/pic32mx/4.5.2/../../../../pic32mx/lib\libpic32.a(sbrk.o)
 .debug_info    0x00033cdb        0x0 c:/program files (x86)/microchip/xc32/v1.34/bin/bin/../../lib/gcc/pic32mx/4.5.2/../../../../pic32mx/lib\libpic32.a(errno.o)

.debug_abbrev   0x00000000     0x3ecb
 *(.debug_abbrev)
 .debug_abbrev  0x00000000      0x26f build/default/production/_ext/1687970324/SST25VF016.o
 .debug_abbrev  0x0000026f      0x222 build/default/production/_ext/1687970324/TouchScreen.o
 .debug_abbrev  0x00000491      0x21a build/default/production/_ext/1687970324/drv_spi.o
 .debug_abbrev  0x000006ab      0x27a build/default/production/_ext/1687970324/TouchScreenResistive.o
 .debug_abbrev  0x00000925      0x1aa build/default/production/_ext/1860783399/TimeDelay.o
 .debug_abbrev  0x00000acf      0x37c build/default/production/_ext/1919882987/SSD1926.o
 .debug_abbrev  0x00000e4b      0x20a build/default/production/_ext/1919882987/TCON_SSD1289.o
 .debug_abbrev  0x00001055      0x166 build/default/production/_ext/1919882987/mchpGfxLCC.o
 .debug_abbrev  0x000011bb      0x208 build/default/production/_ext/803622919/StaticText.o
 .debug_abbrev  0x000013c3      0x1fb build/default/production/_ext/803622919/Window.o
 .debug_abbrev  0x000015be      0x2d3 build/default/production/_ext/803622919/Button.o
 .debug_abbrev  0x00001891      0x2c0 build/default/production/_ext/803622919/Chart.o
 .debug_abbrev  0x00001b51      0x1fb build/default/production/_ext/803622919/CheckBox.o
 .debug_abbrev  0x00001d4c      0x23f build/default/production/_ext/803622919/EditBox.o
 .debug_abbrev  0x00001f8b      0x2b6 build/default/production/_ext/803622919/GOL.o
 .debug_abbrev  0x00002241       0xc0 build/default/production/_ext/803622919/GOLFontDefault.o
 .debug_abbrev  0x00002301      0x27d build/default/production/_ext/803622919/Grid.o
 .debug_abbrev  0x0000257e      0x1f1 build/default/production/_ext/803622919/GroupBox.o
 .debug_abbrev  0x0000276f      0x2a1 build/default/production/_ext/803622919/ListBox.o
 .debug_abbrev  0x00002a10      0x2c4 build/default/production/_ext/803622919/Meter.o
 .debug_abbrev  0x00002cd4      0x1e4 build/default/production/_ext/803622919/Picture.o
 .debug_abbrev  0x00002eb8      0x282 build/default/production/_ext/803622919/RadioButton.o
 .debug_abbrev  0x0000313a      0x2bc build/default/production/_ext/803622919/Slider.o
 .debug_abbrev  0x000033f6      0x2e1 build/default/production/_ext/803622919/Primitive.o
 .debug_abbrev  0x000036d7       0xc0 build/default/production/_ext/803622919/GOLSchemeDefault.o
 .debug_abbrev  0x00003797      0x3b2 build/default/production/_ext/1472/TicTacToe.o
 .debug_abbrev  0x00003b49      0x196 build/default/production/_ext/1472/TTT_Images.o
 .debug_abbrev  0x00003cdf       0x25 c:/program files (x86)/microchip/xc32/v1.34/bin/bin/../../lib/gcc/pic32mx/4.5.2/../../../../pic32mx/lib\libmchp_peripheral_32MX795F512L.a(pcache.o)
 .debug_abbrev  0x00003d04       0x25 c:/program files (x86)/microchip/xc32/v1.34/bin/bin/../../lib/gcc/pic32mx/4.5.2/../../../../pic32mx/lib\libmchp_peripheral_32MX795F512L.a(int_disable_interrupts_lib.o)
 .debug_abbrev  0x00003d29       0x25 c:/program files (x86)/microchip/xc32/v1.34/bin/bin/../../lib/gcc/pic32mx/4.5.2/../../../../pic32mx/lib\libmchp_peripheral_32MX795F512L.a(int_restore_interrupts_lib.o)
 .debug_abbrev  0x00003d4e       0x25 c:/program files (x86)/microchip/xc32/v1.34/bin/bin/../../lib/gcc/pic32mx/4.5.2/../../../../pic32mx/lib\libmchp_peripheral_32MX795F512L.a(int_enable_mv_int_lib.o)
 .debug_abbrev  0x00003d73       0x25 c:/program files (x86)/microchip/xc32/v1.34/bin/bin/../../lib/gcc/pic32mx/4.5.2/../../../../pic32mx/lib\libmchp_peripheral_32MX795F512L.a(int_enable_interrupts_lib.o)
 .debug_abbrev  0x00003d98       0x25 c:/program files (x86)/microchip/xc32/v1.34/bin/bin/../../lib/gcc/pic32mx/4.5.2/../../../../pic32mx/lib\libpic32.a(default-bootstrap-exception-handler.o)
 .debug_abbrev  0x00003dbd       0x25 c:/program files (x86)/microchip/xc32/v1.34/bin/bin/../../lib/gcc/pic32mx/4.5.2/../../../../pic32mx/lib\libpic32.a(default-on-reset.o)
 .debug_abbrev  0x00003de2       0x25 c:/program files (x86)/microchip/xc32/v1.34/bin/bin/../../lib/gcc/pic32mx/4.5.2/../../../../pic32mx/lib\libpic32.a(default-on-bootstrap.o)
 .debug_abbrev  0x00003e07       0x25 c:/program files (x86)/microchip/xc32/v1.34/bin/bin/../../lib/gcc/pic32mx/4.5.2/../../../../pic32mx/lib\libpic32.a(default-general-exception-handler.o)
 .debug_abbrev  0x00003e2c       0x25 c:/program files (x86)/microchip/xc32/v1.34/bin/bin/../../lib/gcc/pic32mx/4.5.2/../../../../pic32mx/lib\libpic32.a(defaultinterrupt.o)
 .debug_abbrev  0x00003e51       0x41 c:/program files (x86)/microchip/xc32/v1.34/bin/bin/../../lib/gcc/pic32mx/4.5.2/../../../../pic32mx/lib\libc.a(malloc.o)
 .debug_abbrev  0x00003e92       0x38 c:/program files (x86)/microchip/xc32/v1.34/bin/bin/../../lib/gcc/pic32mx/4.5.2/../../../../pic32mx/lib\libpic32.a(sbrk.o)
 .debug_abbrev  0x00003eca        0x1 c:/program files (x86)/microchip/xc32/v1.34/bin/bin/../../lib/gcc/pic32mx/4.5.2/../../../../pic32mx/lib\libpic32.a(errno.o)

.debug_line     0x00000000     0x6829
 *(.debug_line)
 .debug_line    0x00000000      0x2b0 build/default/production/_ext/1687970324/SST25VF016.o
 .debug_line    0x000002b0      0x29c build/default/production/_ext/1687970324/TouchScreen.o
 .debug_line    0x0000054c      0x1cb build/default/production/_ext/1687970324/drv_spi.o
 .debug_line    0x00000717      0x392 build/default/production/_ext/1687970324/TouchScreenResistive.o
 .debug_line    0x00000aa9      0x18c build/default/production/_ext/1860783399/TimeDelay.o
 .debug_line    0x00000c35      0xbe0 build/default/production/_ext/1919882987/SSD1926.o
 .debug_line    0x00001815      0x1e8 build/default/production/_ext/1919882987/TCON_SSD1289.o
 .debug_line    0x000019fd      0x113 build/default/production/_ext/1919882987/mchpGfxLCC.o
 .debug_line    0x00001b10      0x2b0 build/default/production/_ext/803622919/StaticText.o
 .debug_line    0x00001dc0      0x2c0 build/default/production/_ext/803622919/Window.o
 .debug_line    0x00002080      0x3b4 build/default/production/_ext/803622919/Button.o
 .debug_line    0x00002434      0xac8 build/default/production/_ext/803622919/Chart.o
 .debug_line    0x00002efc      0x2d7 build/default/production/_ext/803622919/CheckBox.o
 .debug_line    0x000031d3      0x303 build/default/production/_ext/803622919/EditBox.o
 .debug_line    0x000034d6      0x3f2 build/default/production/_ext/803622919/GOL.o
 .debug_line    0x000038c8       0xc2 build/default/production/_ext/803622919/GOLFontDefault.o
 .debug_line    0x0000398a      0x3a2 build/default/production/_ext/803622919/Grid.o
 .debug_line    0x00003d2c      0x2ba build/default/production/_ext/803622919/GroupBox.o
 .debug_line    0x00003fe6      0x40f build/default/production/_ext/803622919/ListBox.o
 .debug_line    0x000043f5      0x41b build/default/production/_ext/803622919/Meter.o
 .debug_line    0x00004810      0x276 build/default/production/_ext/803622919/Picture.o
 .debug_line    0x00004a86      0x30b build/default/production/_ext/803622919/RadioButton.o
 .debug_line    0x00004d91      0x41f build/default/production/_ext/803622919/Slider.o
 .debug_line    0x000051b0      0x92f build/default/production/_ext/803622919/Primitive.o
 .debug_line    0x00005adf      0x12d build/default/production/_ext/803622919/GOLSchemeDefault.o
 .debug_line    0x00005c0c      0x48b build/default/production/_ext/1472/TicTacToe.o
 .debug_line    0x00006097      0x1b4 build/default/production/_ext/1472/TTT_Images.o
 .debug_line    0x0000624b       0x62 c:/program files (x86)/microchip/xc32/v1.34/bin/bin/../../lib/gcc/pic32mx/4.5.2/../../../../pic32mx/lib\libmchp_peripheral_32MX795F512L.a(pcache.o)
 .debug_line    0x000062ad       0x73 c:/program files (x86)/microchip/xc32/v1.34/bin/bin/../../lib/gcc/pic32mx/4.5.2/../../../../pic32mx/lib\libmchp_peripheral_32MX795F512L.a(int_disable_interrupts_lib.o)
 .debug_line    0x00006320       0x73 c:/program files (x86)/microchip/xc32/v1.34/bin/bin/../../lib/gcc/pic32mx/4.5.2/../../../../pic32mx/lib\libmchp_peripheral_32MX795F512L.a(int_restore_interrupts_lib.o)
 .debug_line    0x00006393       0x6e c:/program files (x86)/microchip/xc32/v1.34/bin/bin/../../lib/gcc/pic32mx/4.5.2/../../../../pic32mx/lib\libmchp_peripheral_32MX795F512L.a(int_enable_mv_int_lib.o)
 .debug_line    0x00006401       0x72 c:/program files (x86)/microchip/xc32/v1.34/bin/bin/../../lib/gcc/pic32mx/4.5.2/../../../../pic32mx/lib\libmchp_peripheral_32MX795F512L.a(int_enable_interrupts_lib.o)
 .debug_line    0x00006473       0x97 c:/program files (x86)/microchip/xc32/v1.34/bin/bin/../../lib/gcc/pic32mx/4.5.2/../../../../pic32mx/lib\libpic32.a(default-bootstrap-exception-handler.o)
 .debug_line    0x0000650a       0x84 c:/program files (x86)/microchip/xc32/v1.34/bin/bin/../../lib/gcc/pic32mx/4.5.2/../../../../pic32mx/lib\libpic32.a(default-on-reset.o)
 .debug_line    0x0000658e       0x88 c:/program files (x86)/microchip/xc32/v1.34/bin/bin/../../lib/gcc/pic32mx/4.5.2/../../../../pic32mx/lib\libpic32.a(default-on-bootstrap.o)
 .debug_line    0x00006616       0x95 c:/program files (x86)/microchip/xc32/v1.34/bin/bin/../../lib/gcc/pic32mx/4.5.2/../../../../pic32mx/lib\libpic32.a(default-general-exception-handler.o)
 .debug_line    0x000066ab       0x96 c:/program files (x86)/microchip/xc32/v1.34/bin/bin/../../lib/gcc/pic32mx/4.5.2/../../../../pic32mx/lib\libpic32.a(defaultinterrupt.o)
 .debug_line    0x00006741       0x70 c:/program files (x86)/microchip/xc32/v1.34/bin/bin/../../lib/gcc/pic32mx/4.5.2/../../../../pic32mx/lib\libc.a(malloc.o)
 .debug_line    0x000067b1       0x78 c:/program files (x86)/microchip/xc32/v1.34/bin/bin/../../lib/gcc/pic32mx/4.5.2/../../../../pic32mx/lib\libpic32.a(sbrk.o)
 .debug_line    0x00006829        0x0 c:/program files (x86)/microchip/xc32/v1.34/bin/bin/../../lib/gcc/pic32mx/4.5.2/../../../../pic32mx/lib\libpic32.a(errno.o)

.debug_frame    0x00000000     0x1a7c
 *(.debug_frame)
 .debug_frame   0x00000000      0x164 build/default/production/_ext/1687970324/SST25VF016.o
 .debug_frame   0x00000164       0x80 build/default/production/_ext/1687970324/TouchScreen.o
 .debug_frame   0x000001e4       0x9c build/default/production/_ext/1687970324/drv_spi.o
 .debug_frame   0x00000280      0x144 build/default/production/_ext/1687970324/TouchScreenResistive.o
 .debug_frame   0x000003c4       0x40 build/default/production/_ext/1860783399/TimeDelay.o
 .debug_frame   0x00000404      0x2a8 build/default/production/_ext/1919882987/SSD1926.o
 .debug_frame   0x000006ac       0x80 build/default/production/_ext/1919882987/TCON_SSD1289.o
 .debug_frame   0x0000072c       0x80 build/default/production/_ext/803622919/StaticText.o
 .debug_frame   0x000007ac       0x84 build/default/production/_ext/803622919/Window.o
 .debug_frame   0x00000830       0xbc build/default/production/_ext/803622919/Button.o
 .debug_frame   0x000008ec      0x1f8 build/default/production/_ext/803622919/Chart.o
 .debug_frame   0x00000ae4       0x9c build/default/production/_ext/803622919/CheckBox.o
 .debug_frame   0x00000b80       0xd4 build/default/production/_ext/803622919/EditBox.o
 .debug_frame   0x00000c54      0x168 build/default/production/_ext/803622919/GOL.o
 .debug_frame   0x00000dbc      0x12c build/default/production/_ext/803622919/Grid.o
 .debug_frame   0x00000ee8       0x64 build/default/production/_ext/803622919/GroupBox.o
 .debug_frame   0x00000f4c      0x148 build/default/production/_ext/803622919/ListBox.o
 .debug_frame   0x00001094       0xc4 build/default/production/_ext/803622919/Meter.o
 .debug_frame   0x00001158       0x68 build/default/production/_ext/803622919/Picture.o
 .debug_frame   0x000011c0       0xd4 build/default/production/_ext/803622919/RadioButton.o
 .debug_frame   0x00001294      0x144 build/default/production/_ext/803622919/Slider.o
 .debug_frame   0x000013d8      0x34c build/default/production/_ext/803622919/Primitive.o
 .debug_frame   0x00001724       0xf8 build/default/production/_ext/1472/TicTacToe.o
 .debug_frame   0x0000181c       0x30 c:/program files (x86)/microchip/xc32/v1.34/bin/bin/../../lib/gcc/pic32mx/4.5.2/../../../../pic32mx/lib\libmchp_peripheral_32MX795F512L.a(pcache.o)
 .debug_frame   0x0000184c       0x20 c:/program files (x86)/microchip/xc32/v1.34/bin/bin/../../lib/gcc/pic32mx/4.5.2/../../../../pic32mx/lib\libmchp_peripheral_32MX795F512L.a(int_disable_interrupts_lib.o)
 .debug_frame   0x0000186c       0x20 c:/program files (x86)/microchip/xc32/v1.34/bin/bin/../../lib/gcc/pic32mx/4.5.2/../../../../pic32mx/lib\libmchp_peripheral_32MX795F512L.a(int_restore_interrupts_lib.o)
 .debug_frame   0x0000188c       0x28 c:/program files (x86)/microchip/xc32/v1.34/bin/bin/../../lib/gcc/pic32mx/4.5.2/../../../../pic32mx/lib\libmchp_peripheral_32MX795F512L.a(int_enable_mv_int_lib.o)
 .debug_frame   0x000018b4       0x20 c:/program files (x86)/microchip/xc32/v1.34/bin/bin/../../lib/gcc/pic32mx/4.5.2/../../../../pic32mx/lib\libmchp_peripheral_32MX795F512L.a(int_enable_interrupts_lib.o)
 .debug_frame   0x000018d4       0x28 c:/program files (x86)/microchip/xc32/v1.34/bin/bin/../../lib/gcc/pic32mx/4.5.2/../../../../pic32mx/lib\libpic32.a(default-bootstrap-exception-handler.o)
 .debug_frame   0x000018fc       0x20 c:/program files (x86)/microchip/xc32/v1.34/bin/bin/../../lib/gcc/pic32mx/4.5.2/../../../../pic32mx/lib\libpic32.a(default-on-reset.o)
 .debug_frame   0x0000191c       0x20 c:/program files (x86)/microchip/xc32/v1.34/bin/bin/../../lib/gcc/pic32mx/4.5.2/../../../../pic32mx/lib\libpic32.a(default-on-bootstrap.o)
 .debug_frame   0x0000193c       0x28 c:/program files (x86)/microchip/xc32/v1.34/bin/bin/../../lib/gcc/pic32mx/4.5.2/../../../../pic32mx/lib\libpic32.a(default-general-exception-handler.o)
 .debug_frame   0x00001964       0x20 c:/program files (x86)/microchip/xc32/v1.34/bin/bin/../../lib/gcc/pic32mx/4.5.2/../../../../pic32mx/lib\libpic32.a(defaultinterrupt.o)
 .debug_frame   0x00001984       0x6c c:/program files (x86)/microchip/xc32/v1.34/bin/bin/../../lib/gcc/pic32mx/4.5.2/../../../../pic32mx/lib\libc.a(malloc.o)
 .debug_frame   0x000019f0       0x8c c:/program files (x86)/microchip/xc32/v1.34/bin/bin/../../lib/gcc/pic32mx/4.5.2/../../../../pic32mx/lib\libpic32.a(sbrk.o)

.debug_str      0x00000000     0x2934
 *(.debug_str)
 .debug_str     0x00000000      0x140 build/default/production/_ext/1687970324/SST25VF016.o
 .debug_str     0x00000140      0x184 build/default/production/_ext/1687970324/TouchScreen.o
 .debug_str     0x000002c4      0x16c build/default/production/_ext/1687970324/drv_spi.o
 .debug_str     0x00000430      0x1dd build/default/production/_ext/1687970324/TouchScreenResistive.o
 .debug_str     0x0000060d      0x12f build/default/production/_ext/1860783399/TimeDelay.o
 .debug_str     0x0000073c      0x242 build/default/production/_ext/1919882987/SSD1926.o
 .debug_str     0x0000097e      0x12f build/default/production/_ext/1919882987/TCON_SSD1289.o
 .debug_str     0x00000aad      0x12f build/default/production/_ext/1919882987/mchpGfxLCC.o
 .debug_str     0x00000bdc      0x16d build/default/production/_ext/803622919/StaticText.o
 .debug_str     0x00000d49      0x1bf build/default/production/_ext/803622919/Window.o
 .debug_str     0x00000f08      0x1c6 build/default/production/_ext/803622919/Button.o
 .debug_str     0x000010ce      0x204 build/default/production/_ext/803622919/Chart.o
 .debug_str     0x000012d2      0x1b0 build/default/production/_ext/803622919/CheckBox.o
 .debug_str     0x00001482      0x1a6 build/default/production/_ext/803622919/EditBox.o
 .debug_str     0x00001628      0x25a build/default/production/_ext/803622919/GOL.o
 .debug_str     0x00001882       0x11 build/default/production/_ext/803622919/GOLFontDefault.o
 .debug_str     0x00001893      0x1a0 build/default/production/_ext/803622919/Grid.o
 .debug_str     0x00001a33      0x154 build/default/production/_ext/803622919/GroupBox.o
 .debug_str     0x00001b87      0x1c9 build/default/production/_ext/803622919/ListBox.o
 .debug_str     0x00001d50      0x202 build/default/production/_ext/803622919/Meter.o
 .debug_str     0x00001f52      0x14c build/default/production/_ext/803622919/Picture.o
 .debug_str     0x0000209e      0x1c6 build/default/production/_ext/803622919/RadioButton.o
 .debug_str     0x00002264      0x1d7 build/default/production/_ext/803622919/Slider.o
 .debug_str     0x0000243b      0x23c build/default/production/_ext/803622919/Primitive.o
 .debug_str     0x00002677        0xf build/default/production/_ext/803622919/GOLSchemeDefault.o
 .debug_str     0x00002686      0x17f build/default/production/_ext/1472/TicTacToe.o
 .debug_str     0x00002805      0x12f build/default/production/_ext/1472/TTT_Images.o
 .debug_str     0x00002934        0x0 c:/program files (x86)/microchip/xc32/v1.34/bin/bin/../../lib/gcc/pic32mx/4.5.2/../../../../pic32mx/lib\libmchp_peripheral_32MX795F512L.a(pcache.o)
 .debug_str     0x00002934        0x0 c:/program files (x86)/microchip/xc32/v1.34/bin/bin/../../lib/gcc/pic32mx/4.5.2/../../../../pic32mx/lib\libmchp_peripheral_32MX795F512L.a(int_disable_interrupts_lib.o)
 .debug_str     0x00002934        0x0 c:/program files (x86)/microchip/xc32/v1.34/bin/bin/../../lib/gcc/pic32mx/4.5.2/../../../../pic32mx/lib\libmchp_peripheral_32MX795F512L.a(int_restore_interrupts_lib.o)
 .debug_str     0x00002934        0x0 c:/program files (x86)/microchip/xc32/v1.34/bin/bin/../../lib/gcc/pic32mx/4.5.2/../../../../pic32mx/lib\libmchp_peripheral_32MX795F512L.a(int_enable_mv_int_lib.o)
 .debug_str     0x00002934        0x0 c:/program files (x86)/microchip/xc32/v1.34/bin/bin/../../lib/gcc/pic32mx/4.5.2/../../../../pic32mx/lib\libmchp_peripheral_32MX795F512L.a(int_enable_interrupts_lib.o)
 .debug_str     0x00002934        0x0 c:/program files (x86)/microchip/xc32/v1.34/bin/bin/../../lib/gcc/pic32mx/4.5.2/../../../../pic32mx/lib\libpic32.a(default-bootstrap-exception-handler.o)
 .debug_str     0x00002934        0x0 c:/program files (x86)/microchip/xc32/v1.34/bin/bin/../../lib/gcc/pic32mx/4.5.2/../../../../pic32mx/lib\libpic32.a(default-on-reset.o)
 .debug_str     0x00002934        0x0 c:/program files (x86)/microchip/xc32/v1.34/bin/bin/../../lib/gcc/pic32mx/4.5.2/../../../../pic32mx/lib\libpic32.a(default-on-bootstrap.o)
 .debug_str     0x00002934        0x0 c:/program files (x86)/microchip/xc32/v1.34/bin/bin/../../lib/gcc/pic32mx/4.5.2/../../../../pic32mx/lib\libpic32.a(default-general-exception-handler.o)
 .debug_str     0x00002934        0x0 c:/program files (x86)/microchip/xc32/v1.34/bin/bin/../../lib/gcc/pic32mx/4.5.2/../../../../pic32mx/lib\libpic32.a(defaultinterrupt.o)
 .debug_str     0x00002934        0x0 c:/program files (x86)/microchip/xc32/v1.34/bin/bin/../../lib/gcc/pic32mx/4.5.2/../../../../pic32mx/lib\libc.a(malloc.o)
 .debug_str     0x00002934        0x0 c:/program files (x86)/microchip/xc32/v1.34/bin/bin/../../lib/gcc/pic32mx/4.5.2/../../../../pic32mx/lib\libpic32.a(sbrk.o)
 .debug_str     0x00002934        0x0 c:/program files (x86)/microchip/xc32/v1.34/bin/bin/../../lib/gcc/pic32mx/4.5.2/../../../../pic32mx/lib\libpic32.a(errno.o)

.debug_loc      0x00000000       0x89
 *(.debug_loc)
 .debug_loc     0x00000000       0x89 build/default/production/_ext/1860783399/TimeDelay.o

.debug_macinfo
 *(.debug_macinfo)

.debug_weaknames
 *(.debug_weaknames)

.debug_funcnames
 *(.debug_funcnames)

.debug_typenames
 *(.debug_typenames)

.debug_varnames
 *(.debug_varnames)

.debug_pubtypes
                0x00000000     0x2742
 *(.debug_pubtypes)
 .debug_pubtypes
                0x00000000      0x145 build/default/production/_ext/1687970324/SST25VF016.o
 .debug_pubtypes
                0x00000145      0x185 build/default/production/_ext/1687970324/TouchScreen.o
 .debug_pubtypes
                0x000002ca      0x12f build/default/production/_ext/1687970324/drv_spi.o
 .debug_pubtypes
                0x000003f9      0x1ef build/default/production/_ext/1687970324/TouchScreenResistive.o
 .debug_pubtypes
                0x000005e8      0x111 build/default/production/_ext/1860783399/TimeDelay.o
 .debug_pubtypes
                0x000006f9      0x17d build/default/production/_ext/1919882987/SSD1926.o
 .debug_pubtypes
                0x00000876      0x106 build/default/production/_ext/1919882987/TCON_SSD1289.o
 .debug_pubtypes
                0x0000097c       0xe7 build/default/production/_ext/1919882987/mchpGfxLCC.o
 .debug_pubtypes
                0x00000a63      0x199 build/default/production/_ext/803622919/StaticText.o
 .debug_pubtypes
                0x00000bfc      0x195 build/default/production/_ext/803622919/Window.o
 .debug_pubtypes
                0x00000d91      0x1a9 build/default/production/_ext/803622919/Button.o
 .debug_pubtypes
                0x00000f3a      0x1c5 build/default/production/_ext/803622919/Chart.o
 .debug_pubtypes
                0x000010ff      0x197 build/default/production/_ext/803622919/CheckBox.o
 .debug_pubtypes
                0x00001296      0x196 build/default/production/_ext/803622919/EditBox.o
 .debug_pubtypes
                0x0000142c      0x19d build/default/production/_ext/803622919/GOL.o
 .debug_pubtypes
                0x000015c9       0x32 build/default/production/_ext/803622919/GOLFontDefault.o
 .debug_pubtypes
                0x000015fb      0x1a0 build/default/production/_ext/803622919/Grid.o
 .debug_pubtypes
                0x0000179b      0x197 build/default/production/_ext/803622919/GroupBox.o
 .debug_pubtypes
                0x00001932      0x1a3 build/default/production/_ext/803622919/ListBox.o
 .debug_pubtypes
                0x00001ad5      0x1d9 build/default/production/_ext/803622919/Meter.o
 .debug_pubtypes
                0x00001cae      0x196 build/default/production/_ext/803622919/Picture.o
 .debug_pubtypes
                0x00001e44      0x1bf build/default/production/_ext/803622919/RadioButton.o
 .debug_pubtypes
                0x00002003      0x1c3 build/default/production/_ext/803622919/Slider.o
 .debug_pubtypes
                0x000021c6      0x1a1 build/default/production/_ext/803622919/Primitive.o
 .debug_pubtypes
                0x00002367       0x58 build/default/production/_ext/803622919/GOLSchemeDefault.o
 .debug_pubtypes
                0x000023bf      0x272 build/default/production/_ext/1472/TicTacToe.o
 .debug_pubtypes
                0x00002631      0x111 build/default/production/_ext/1472/TTT_Images.o

.debug_ranges   0x00000000      0x158
 *(.debug_ranges)
 .debug_ranges  0x00000000       0x60 build/default/production/_ext/1472/TicTacToe.o
 .debug_ranges  0x00000060       0x18 c:/program files (x86)/microchip/xc32/v1.34/bin/bin/../../lib/gcc/pic32mx/4.5.2/../../../../pic32mx/lib\libmchp_peripheral_32MX795F512L.a(pcache.o)
 .debug_ranges  0x00000078       0x10 c:/program files (x86)/microchip/xc32/v1.34/bin/bin/../../lib/gcc/pic32mx/4.5.2/../../../../pic32mx/lib\libmchp_peripheral_32MX795F512L.a(int_disable_interrupts_lib.o)
 .debug_ranges  0x00000088       0x10 c:/program files (x86)/microchip/xc32/v1.34/bin/bin/../../lib/gcc/pic32mx/4.5.2/../../../../pic32mx/lib\libmchp_peripheral_32MX795F512L.a(int_restore_interrupts_lib.o)
 .debug_ranges  0x00000098       0x10 c:/program files (x86)/microchip/xc32/v1.34/bin/bin/../../lib/gcc/pic32mx/4.5.2/../../../../pic32mx/lib\libmchp_peripheral_32MX795F512L.a(int_enable_mv_int_lib.o)
 .debug_ranges  0x000000a8       0x10 c:/program files (x86)/microchip/xc32/v1.34/bin/bin/../../lib/gcc/pic32mx/4.5.2/../../../../pic32mx/lib\libmchp_peripheral_32MX795F512L.a(int_enable_interrupts_lib.o)
 .debug_ranges  0x000000b8       0x10 c:/program files (x86)/microchip/xc32/v1.34/bin/bin/../../lib/gcc/pic32mx/4.5.2/../../../../pic32mx/lib\libpic32.a(default-bootstrap-exception-handler.o)
 .debug_ranges  0x000000c8       0x10 c:/program files (x86)/microchip/xc32/v1.34/bin/bin/../../lib/gcc/pic32mx/4.5.2/../../../../pic32mx/lib\libpic32.a(default-on-reset.o)
 .debug_ranges  0x000000d8       0x10 c:/program files (x86)/microchip/xc32/v1.34/bin/bin/../../lib/gcc/pic32mx/4.5.2/../../../../pic32mx/lib\libpic32.a(default-on-bootstrap.o)
 .debug_ranges  0x000000e8       0x10 c:/program files (x86)/microchip/xc32/v1.34/bin/bin/../../lib/gcc/pic32mx/4.5.2/../../../../pic32mx/lib\libpic32.a(default-general-exception-handler.o)
 .debug_ranges  0x000000f8       0x10 c:/program files (x86)/microchip/xc32/v1.34/bin/bin/../../lib/gcc/pic32mx/4.5.2/../../../../pic32mx/lib\libpic32.a(defaultinterrupt.o)
 .debug_ranges  0x00000108       0x20 c:/program files (x86)/microchip/xc32/v1.34/bin/bin/../../lib/gcc/pic32mx/4.5.2/../../../../pic32mx/lib\libc.a(malloc.o)
 .debug_ranges  0x00000128       0x30 c:/program files (x86)/microchip/xc32/v1.34/bin/bin/../../lib/gcc/pic32mx/4.5.2/../../../../pic32mx/lib\libpic32.a(sbrk.o)

.gnu.attributes
                0x00000000       0x10
 *(.gnu.attributes)
 .gnu.attributes
                0x00000000       0x10 build/default/production/_ext/1687970324/SST25VF016.o
 .gnu.attributes